Starting solver on puzzle with ID "test".

   MOVE 0
  ┌───────┬───────┬───────┐
[1;2m1 [00m│ □ □ □ │ □ □ □ │ □ □ □ │
[1;2m2 [00m│ □ □ □ │ □ □ □ │ □ □ □ │
[1;2m3 [00m│ □ □ □ │ □ □ □ │ □ □ □ │
  ├───────┼───────┼───────┤
[1;2m4 [00m│ □ □ □ │ □ □ □ │ □ □ □ │
[1;2m5 [00m│ □ □ □ │ □ □ □ │ □ □ □ │
[1;2m6 [00m│ □ □ □ │ □ □ □ │ □ □ □ │
  ├───────┼───────┼───────┤
[1;2m7 [00m│ □ □ □ │ □ □ □ │ □ □ □ │
[1;2m8 [00m│ □ □ □ │ □ □ □ │ □ □ □ │
[1;2m9 [00m│ □ □ □ │ □ □ □ │ □ □ □ │
  └───────┴───────┴───────┘
[1;2m    1 2 3   4 5 6   7 8 9[00m

(sudb) mark 1 1 1
Added to candidates for (1, 1): [1].
(sudb) info mark 1 1
Cell	Candidates
1, 1	[1]
(sudb) mark 5 5 1 2 3 4 5 6 7 8 9
Added to candidates for (5, 5): [1, 2, 3, 4, 5, 6, 7, 8, 9].
(sudb) info mark 5 5
Cell	Candidates
5, 5	[1, 2, 3, 4, 5, 6, 7, 8, 9]
(sudb) mark 9 9 4-5 7 9
Added to candidates for (9, 9): [4, 5, 7, 9].
(sudb) info mark 9 9
Cell	Candidates
9, 9	[4, 5, 7, 9]
(sudb) mark 5 9 1-3 5 7-9
Added to candidates for (5, 9): [1, 2, 3, 5, 7, 8, 9].
(sudb) info mark 5 9
Cell	Candidates
5, 9	[1, 2, 3, 5, 7, 8, 9]
(sudb) mark 0 1 1
Invalid row 0 in (0, 1).
(sudb) info mark 0 1
No matching locations.
(sudb) mark 1 0 1
Invalid column 0 in (1, 0).
(sudb) info mark 1 0
No matching locations.
(sudb) mark 1 1 a
Number argument must be integer or integer range.
(sudb) info mark 1 1
Cell	Candidates
1, 1	[1]
(sudb) mark 1 1 
(sudb) info mark 1 1
Cell	Candidates
1, 1	[1]
(sudb) # Display all marks via `info` in two ways
(sudb) info mark 0 1 1 0 1 1 5 5 5 9 9 9
Cell	Candidates
1, 1	[1]
5, 5	[1, 2, 3, 4, 5, 6, 7, 8, 9]
5, 9	[1, 2, 3, 5, 7, 8, 9]
9, 9	[4, 5, 7, 9]
Invalid row 0 in (0, 1).
Invalid column 0 in (1, 0).
(sudb) info mark
Cell	Candidates
1, 1	[1]
5, 5	[1, 2, 3, 4, 5, 6, 7, 8, 9]
5, 9	[1, 2, 3, 5, 7, 8, 9]
9, 9	[4, 5, 7, 9]
(sudb) # Display all marks via `print`
(sudb) print mark

╔═══════════════════╦═══════════════════╦═══════════════════╗
║ ┌───┐ ┌───┐ ┌───┐ ║ ┌───┐ ┌───┐ ┌───┐ ║ ┌───┐ ┌───┐ ┌───┐ ║
║ │1  │ │   │ │   │ ║ │   │ │   │ │   │ ║ │   │ │   │ │   │ ║
║ │   │ │   │ │   │ ║ │   │ │   │ │   │ ║ │   │ │   │ │   │ ║
║ │   │ │   │ │   │ ║ │   │ │   │ │   │ ║ │   │ │   │ │   │ ║
║ └───┘ └───┘ └───┘ ║ └───┘ └───┘ └───┘ ║ └───┘ └───┘ └───┘ ║
║ ┌───┐ ┌───┐ ┌───┐ ║ ┌───┐ ┌───┐ ┌───┐ ║ ┌───┐ ┌───┐ ┌───┐ ║
║ │   │ │   │ │   │ ║ │   │ │   │ │   │ ║ │   │ │   │ │   │ ║
║ │   │ │   │ │   │ ║ │   │ │   │ │   │ ║ │   │ │   │ │   │ ║
║ │   │ │   │ │   │ ║ │   │ │   │ │   │ ║ │   │ │   │ │   │ ║
║ └───┘ └───┘ └───┘ ║ └───┘ └───┘ └───┘ ║ └───┘ └───┘ └───┘ ║
║ ┌───┐ ┌───┐ ┌───┐ ║ ┌───┐ ┌───┐ ┌───┐ ║ ┌───┐ ┌───┐ ┌───┐ ║
║ │   │ │   │ │   │ ║ │   │ │   │ │   │ ║ │   │ │   │ │   │ ║
║ │   │ │   │ │   │ ║ │   │ │   │ │   │ ║ │   │ │   │ │   │ ║
║ │   │ │   │ │   │ ║ │   │ │   │ │   │ ║ │   │ │   │ │   │ ║
║ └───┘ └───┘ └───┘ ║ └───┘ └───┘ └───┘ ║ └───┘ └───┘ └───┘ ║
╠═══════════════════╬═══════════════════╬═══════════════════╣
║ ┌───┐ ┌───┐ ┌───┐ ║ ┌───┐ ┌───┐ ┌───┐ ║ ┌───┐ ┌───┐ ┌───┐ ║
║ │   │ │   │ │   │ ║ │   │ │   │ │   │ ║ │   │ │   │ │   │ ║
║ │   │ │   │ │   │ ║ │   │ │   │ │   │ ║ │   │ │   │ │   │ ║
║ │   │ │   │ │   │ ║ │   │ │   │ │   │ ║ │   │ │   │ │   │ ║
║ └───┘ └───┘ └───┘ ║ └───┘ └───┘ └───┘ ║ └───┘ └───┘ └───┘ ║
║ ┌───┐ ┌───┐ ┌───┐ ║ ┌───┐ ┌───┐ ┌───┐ ║ ┌───┐ ┌───┐ ┌───┐ ║
║ │   │ │   │ │   │ ║ │   │ │123│ │   │ ║ │   │ │   │ │123│ ║
║ │   │ │   │ │   │ ║ │   │ │456│ │   │ ║ │   │ │   │ │ 5 │ ║
║ │   │ │   │ │   │ ║ │   │ │789│ │   │ ║ │   │ │   │ │789│ ║
║ └───┘ └───┘ └───┘ ║ └───┘ └───┘ └───┘ ║ └───┘ └───┘ └───┘ ║
║ ┌───┐ ┌───┐ ┌───┐ ║ ┌───┐ ┌───┐ ┌───┐ ║ ┌───┐ ┌───┐ ┌───┐ ║
║ │   │ │   │ │   │ ║ │   │ │   │ │   │ ║ │   │ │   │ │   │ ║
║ │   │ │   │ │   │ ║ │   │ │   │ │   │ ║ │   │ │   │ │   │ ║
║ │   │ │   │ │   │ ║ │   │ │   │ │   │ ║ │   │ │   │ │   │ ║
║ └───┘ └───┘ └───┘ ║ └───┘ └───┘ └───┘ ║ └───┘ └───┘ └───┘ ║
╠═══════════════════╬═══════════════════╬═══════════════════╣
║ ┌───┐ ┌───┐ ┌───┐ ║ ┌───┐ ┌───┐ ┌───┐ ║ ┌───┐ ┌───┐ ┌───┐ ║
║ │   │ │   │ │   │ ║ │   │ │   │ │   │ ║ │   │ │   │ │   │ ║
║ │   │ │   │ │   │ ║ │   │ │   │ │   │ ║ │   │ │   │ │   │ ║
║ │   │ │   │ │   │ ║ │   │ │   │ │   │ ║ │   │ │   │ │   │ ║
║ └───┘ └───┘ └───┘ ║ └───┘ └───┘ └───┘ ║ └───┘ └───┘ └───┘ ║
║ ┌───┐ ┌───┐ ┌───┐ ║ ┌───┐ ┌───┐ ┌───┐ ║ ┌───┐ ┌───┐ ┌───┐ ║
║ │   │ │   │ │   │ ║ │   │ │   │ │   │ ║ │   │ │   │ │   │ ║
║ │   │ │   │ │   │ ║ │   │ │   │ │   │ ║ │   │ │   │ │   │ ║
║ │   │ │   │ │   │ ║ │   │ │   │ │   │ ║ │   │ │   │ │   │ ║
║ └───┘ └───┘ └───┘ ║ └───┘ └───┘ └───┘ ║ └───┘ └───┘ └───┘ ║
║ ┌───┐ ┌───┐ ┌───┐ ║ ┌───┐ ┌───┐ ┌───┐ ║ ┌───┐ ┌───┐ ┌───┐ ║
║ │   │ │   │ │   │ ║ │   │ │   │ │   │ ║ │   │ │   │ │   │ ║
║ │   │ │   │ │   │ ║ │   │ │   │ │   │ ║ │   │ │   │ │45 │ ║
║ │   │ │   │ │   │ ║ │   │ │   │ │   │ ║ │   │ │   │ │7 9│ ║
║ └───┘ └───┘ └───┘ ║ └───┘ └───┘ └───┘ ║ └───┘ └───┘ └───┘ ║
╚═══════════════════╩═══════════════════╩═══════════════════╝

(sudb) # Delete marks
(sudb) delete mark 1 1 1
Deleted from candidates for (1, 1): [1].
(sudb) delete mark 5 5
Deleted all marks at (5, 5).
(sudb) delete mark 9 9 4-9
Deleted from candidates for (9, 9): [4, 5, 6, 7, 8, 9].
(sudb) delete mark 5 9 1-3 5 7-8
Deleted from candidates for (5, 9): [1, 2, 3, 5, 7, 8].
(sudb) delete mark 0 1
Invalid row 0 in (0, 1).
(sudb) delete mark 1 0
Invalid column 0 in (1, 0).
(sudb) delete mark 1 1
No marks at (1, 1).
(sudb) delete mark 5 9 a
Number argument must be integer or integer range.
(sudb) delete mark 5 9 1
Deleted from candidates for (5, 9): [1].
(sudb) delete mark 
Delete all marks? (y or n) [assumed Y]
(sudb) delete mark 
No marks to delete.
(sudb) # Check that the marks have been deleted via `info`
(sudb) info mark 0 1 1 0 1 1 5 5 5 9 9 9
No matching locations.
(sudb) info mark
No matching locations.
(sudb) # Check that the marks have been deleted via `print`
(sudb) print mark

╔═══════════════════╦═══════════════════╦═══════════════════╗
║ ┌───┐ ┌───┐ ┌───┐ ║ ┌───┐ ┌───┐ ┌───┐ ║ ┌───┐ ┌───┐ ┌───┐ ║
║ │   │ │   │ │   │ ║ │   │ │   │ │   │ ║ │   │ │   │ │   │ ║
║ │   │ │   │ │   │ ║ │   │ │   │ │   │ ║ │   │ │   │ │   │ ║
║ │   │ │   │ │   │ ║ │   │ │   │ │   │ ║ │   │ │   │ │   │ ║
║ └───┘ └───┘ └───┘ ║ └───┘ └───┘ └───┘ ║ └───┘ └───┘ └───┘ ║
║ ┌───┐ ┌───┐ ┌───┐ ║ ┌───┐ ┌───┐ ┌───┐ ║ ┌───┐ ┌───┐ ┌───┐ ║
║ │   │ │   │ │   │ ║ │   │ │   │ │   │ ║ │   │ │   │ │   │ ║
║ │   │ │   │ │   │ ║ │   │ │   │ │   │ ║ │   │ │   │ │   │ ║
║ │   │ │   │ │   │ ║ │   │ │   │ │   │ ║ │   │ │   │ │   │ ║
║ └───┘ └───┘ └───┘ ║ └───┘ └───┘ └───┘ ║ └───┘ └───┘ └───┘ ║
║ ┌───┐ ┌───┐ ┌───┐ ║ ┌───┐ ┌───┐ ┌───┐ ║ ┌───┐ ┌───┐ ┌───┐ ║
║ │   │ │   │ │   │ ║ │   │ │   │ │   │ ║ │   │ │   │ │   │ ║
║ │   │ │   │ │   │ ║ │   │ │   │ │   │ ║ │   │ │   │ │   │ ║
║ │   │ │   │ │   │ ║ │   │ │   │ │   │ ║ │   │ │   │ │   │ ║
║ └───┘ └───┘ └───┘ ║ └───┘ └───┘ └───┘ ║ └───┘ └───┘ └───┘ ║
╠═══════════════════╬═══════════════════╬═══════════════════╣
║ ┌───┐ ┌───┐ ┌───┐ ║ ┌───┐ ┌───┐ ┌───┐ ║ ┌───┐ ┌───┐ ┌───┐ ║
║ │   │ │   │ │   │ ║ │   │ │   │ │   │ ║ │   │ │   │ │   │ ║
║ │   │ │   │ │   │ ║ │   │ │   │ │   │ ║ │   │ │   │ │   │ ║
║ │   │ │   │ │   │ ║ │   │ │   │ │   │ ║ │   │ │   │ │   │ ║
║ └───┘ └───┘ └───┘ ║ └───┘ └───┘ └───┘ ║ └───┘ └───┘ └───┘ ║
║ ┌───┐ ┌───┐ ┌───┐ ║ ┌───┐ ┌───┐ ┌───┐ ║ ┌───┐ ┌───┐ ┌───┐ ║
║ │   │ │   │ │   │ ║ │   │ │   │ │   │ ║ │   │ │   │ │   │ ║
║ │   │ │   │ │   │ ║ │   │ │   │ │   │ ║ │   │ │   │ │   │ ║
║ │   │ │   │ │   │ ║ │   │ │   │ │   │ ║ │   │ │   │ │   │ ║
║ └───┘ └───┘ └───┘ ║ └───┘ └───┘ └───┘ ║ └───┘ └───┘ └───┘ ║
║ ┌───┐ ┌───┐ ┌───┐ ║ ┌───┐ ┌───┐ ┌───┐ ║ ┌───┐ ┌───┐ ┌───┐ ║
║ │   │ │   │ │   │ ║ │   │ │   │ │   │ ║ │   │ │   │ │   │ ║
║ │   │ │   │ │   │ ║ │   │ │   │ │   │ ║ │   │ │   │ │   │ ║
║ │   │ │   │ │   │ ║ │   │ │   │ │   │ ║ │   │ │   │ │   │ ║
║ └───┘ └───┘ └───┘ ║ └───┘ └───┘ └───┘ ║ └───┘ └───┘ └───┘ ║
╠═══════════════════╬═══════════════════╬═══════════════════╣
║ ┌───┐ ┌───┐ ┌───┐ ║ ┌───┐ ┌───┐ ┌───┐ ║ ┌───┐ ┌───┐ ┌───┐ ║
║ │   │ │   │ │   │ ║ │   │ │   │ │   │ ║ │   │ │   │ │   │ ║
║ │   │ │   │ │   │ ║ │   │ │   │ │   │ ║ │   │ │   │ │   │ ║
║ │   │ │   │ │   │ ║ │   │ │   │ │   │ ║ │   │ │   │ │   │ ║
║ └───┘ └───┘ └───┘ ║ └───┘ └───┘ └───┘ ║ └───┘ └───┘ └───┘ ║
║ ┌───┐ ┌───┐ ┌───┐ ║ ┌───┐ ┌───┐ ┌───┐ ║ ┌───┐ ┌───┐ ┌───┐ ║
║ │   │ │   │ │   │ ║ │   │ │   │ │   │ ║ │   │ │   │ │   │ ║
║ │   │ │   │ │   │ ║ │   │ │   │ │   │ ║ │   │ │   │ │   │ ║
║ │   │ │   │ │   │ ║ │   │ │   │ │   │ ║ │   │ │   │ │   │ ║
║ └───┘ └───┘ └───┘ ║ └───┘ └───┘ └───┘ ║ └───┘ └───┘ └───┘ ║
║ ┌───┐ ┌───┐ ┌───┐ ║ ┌───┐ ┌───┐ ┌───┐ ║ ┌───┐ ┌───┐ ┌───┐ ║
║ │   │ │   │ │   │ ║ │   │ │   │ │   │ ║ │   │ │   │ │   │ ║
║ │   │ │   │ │   │ ║ │   │ │   │ │   │ ║ │   │ │   │ │   │ ║
║ │   │ │   │ │   │ ║ │   │ │   │ │   │ ║ │   │ │   │ │   │ ║
║ └───┘ └───┘ └───┘ ║ └───┘ └───┘ └───┘ ║ └───┘ └───┘ └───┘ ║
╚═══════════════════╩═══════════════════╩═══════════════════╝

(sudb) quit
The puzzle has not been solved.
Quit anyway? (y or n) [assumed Y]
