Starting solver on puzzle with ID "test".

   MOVE 0
  ┌───────┬───────┬───────┐
[1;2m1 [00m│ □ □ □ │ □ □ 3 │ □ 1 7 │
[1;2m2 [00m│ □ 1 5 │ □ □ 9 │ □ □ 8 │
[1;2m3 [00m│ □ 6 □ │ □ □ □ │ □ □ □ │
  ├───────┼───────┼───────┤
[1;2m4 [00m│ 1 □ □ │ □ □ 7 │ □ □ □ │
[1;2m5 [00m│ □ □ 9 │ □ □ □ │ 2 □ □ │
[1;2m6 [00m│ □ □ □ │ 5 □ □ │ □ □ 4 │
  ├───────┼───────┼───────┤
[1;2m7 [00m│ □ □ □ │ □ □ □ │ □ 2 □ │
[1;2m8 [00m│ 5 □ □ │ 6 □ □ │ 3 4 □ │
[1;2m9 [00m│ 3 4 □ │ 2 □ □ │ □ □ □ │
  └───────┴───────┴───────┘
[1;2m    1 2 3   4 5 6   7 8 9[00m

(sudb) # first try `set` with no subcommand
(sudb) set
List of set subcommands:

set -- Generic command for setting options.
set ascii -- Toggle whether to use UTF-8 in output.
set guessbreak -- Toggle whether to break on guesses.
set markview -- Toggle whether to always print the board with marks noted.
set prompt -- Set the solver's prompt.
set width -- Set the width to use for output.
(sudb) # test `set ascii`
(sudb) set ascii # turn on
UTF-8 output disabled.
(sudb) print

   MOVE 0
  .........................
[1;2m1 [00m! _ _ _ ! _ _ 3 ! _ 1 7 !
[1;2m2 [00m! _ 1 5 ! _ _ 9 ! _ _ 8 !
[1;2m3 [00m! _ 6 _ ! _ _ _ ! _ _ _ !
  !.......!.......!.......!
[1;2m4 [00m! 1 _ _ ! _ _ 7 ! _ _ _ !
[1;2m5 [00m! _ _ 9 ! _ _ _ ! 2 _ _ !
[1;2m6 [00m! _ _ _ ! 5 _ _ ! _ _ 4 !
  !.......!.......!.......!
[1;2m7 [00m! _ _ _ ! _ _ _ ! _ 2 _ !
[1;2m8 [00m! 5 _ _ ! 6 _ _ ! 3 4 _ !
[1;2m9 [00m! 3 4 _ ! 2 _ _ ! _ _ _ !
  !.......!.......!.......!
[1;2m    1 2 3   4 5 6   7 8 9[00m

(sudb) set ascii # turn off
UTF-8 output enabled.
(sudb) print

   MOVE 0
  ┌───────┬───────┬───────┐
[1;2m1 [00m│ □ □ □ │ □ □ 3 │ □ 1 7 │
[1;2m2 [00m│ □ 1 5 │ □ □ 9 │ □ □ 8 │
[1;2m3 [00m│ □ 6 □ │ □ □ □ │ □ □ □ │
  ├───────┼───────┼───────┤
[1;2m4 [00m│ 1 □ □ │ □ □ 7 │ □ □ □ │
[1;2m5 [00m│ □ □ 9 │ □ □ □ │ 2 □ □ │
[1;2m6 [00m│ □ □ □ │ 5 □ □ │ □ □ 4 │
  ├───────┼───────┼───────┤
[1;2m7 [00m│ □ □ □ │ □ □ □ │ □ 2 □ │
[1;2m8 [00m│ 5 □ □ │ 6 □ □ │ 3 4 □ │
[1;2m9 [00m│ 3 4 □ │ 2 □ □ │ □ □ □ │
  └───────┴───────┴───────┘
[1;2m    1 2 3   4 5 6   7 8 9[00m

(sudb) # test `set guessbreak`
(sudb) step 5

   MOVE 1
  ┌───────┬───────┬───────┐
[1;2m1 [00m│ □ □ □ │ □ □ 3 │ □ 1 7 │
[1;2m2 [00m│ □ 1 5 │ □ □ 9 │ □ [1;34m3[00m 8 │
[1;2m3 [00m│ □ 6 □ │ □ □ □ │ □ □ □ │
  ├───────┼───────┼───────┤
[1;2m4 [00m│ 1 □ □ │ □ □ 7 │ □ □ □ │
[1;2m5 [00m│ □ □ 9 │ □ □ □ │ 2 □ □ │
[1;2m6 [00m│ □ □ □ │ 5 □ □ │ □ □ 4 │
  ├───────┼───────┼───────┤
[1;2m7 [00m│ □ □ □ │ □ □ □ │ □ 2 □ │
[1;2m8 [00m│ 5 □ □ │ 6 □ □ │ 3 4 □ │
[1;2m9 [00m│ 3 4 □ │ 2 □ □ │ □ □ □ │
  └───────┴───────┴───────┘
[1;2m    1 2 3   4 5 6   7 8 9[00m


   MOVE 2
  ┌───────┬───────┬───────┐
[1;2m1 [00m│ □ □ □ │ □ □ 3 │ □ 1 7 │
[1;2m2 [00m│ □ 1 5 │ □ □ 9 │ □ 3 8 │
[1;2m3 [00m│ □ 6 [1;34m3[00m │ □ □ □ │ □ □ □ │
  ├───────┼───────┼───────┤
[1;2m4 [00m│ 1 □ □ │ □ □ 7 │ □ □ □ │
[1;2m5 [00m│ □ □ 9 │ □ □ □ │ 2 □ □ │
[1;2m6 [00m│ □ □ □ │ 5 □ □ │ □ □ 4 │
  ├───────┼───────┼───────┤
[1;2m7 [00m│ □ □ □ │ □ □ □ │ □ 2 □ │
[1;2m8 [00m│ 5 □ □ │ 6 □ □ │ 3 4 □ │
[1;2m9 [00m│ 3 4 □ │ 2 □ □ │ □ □ □ │
  └───────┴───────┴───────┘
[1;2m    1 2 3   4 5 6   7 8 9[00m


   MOVE 3
  ┌───────┬───────┬───────┐
[1;2m1 [00m│ □ □ □ │ □ □ 3 │ □ 1 7 │
[1;2m2 [00m│ □ 1 5 │ □ □ 9 │ □ 3 8 │
[1;2m3 [00m│ □ 6 3 │ □ □ □ │ □ □ [1;34m2[00m │
  ├───────┼───────┼───────┤
[1;2m4 [00m│ 1 □ □ │ □ □ 7 │ □ □ □ │
[1;2m5 [00m│ □ □ 9 │ □ □ □ │ 2 □ □ │
[1;2m6 [00m│ □ □ □ │ 5 □ □ │ □ □ 4 │
  ├───────┼───────┼───────┤
[1;2m7 [00m│ □ □ □ │ □ □ □ │ □ 2 □ │
[1;2m8 [00m│ 5 □ □ │ 6 □ □ │ 3 4 □ │
[1;2m9 [00m│ 3 4 □ │ 2 □ □ │ □ □ □ │
  └───────┴───────┴───────┘
[1;2m    1 2 3   4 5 6   7 8 9[00m


   MOVE 4
  ┌───────┬───────┬───────┐
[1;2m1 [00m│ □ □ □ │ □ □ 3 │ □ 1 7 │
[1;2m2 [00m│ □ 1 5 │ □ □ 9 │ □ 3 8 │
[1;2m3 [00m│ □ 6 3 │ □ □ □ │ □ □ 2 │
  ├───────┼───────┼───────┤
[1;2m4 [00m│ 1 □ □ │ □ □ 7 │ □ □ □ │
[1;2m5 [00m│ □ □ 9 │ □ □ □ │ 2 □ □ │
[1;2m6 [00m│ □ □ □ │ 5 □ [1;34m2[00m │ □ □ 4 │
  ├───────┼───────┼───────┤
[1;2m7 [00m│ □ □ □ │ □ □ □ │ □ 2 □ │
[1;2m8 [00m│ 5 □ □ │ 6 □ □ │ 3 4 □ │
[1;2m9 [00m│ 3 4 □ │ 2 □ □ │ □ □ □ │
  └───────┴───────┴───────┘
[1;2m    1 2 3   4 5 6   7 8 9[00m


   MOVE 5
  ┌───────┬───────┬───────┐
[1;2m1 [00m│ □ □ □ │ □ □ 3 │ □ 1 7 │
[1;2m2 [00m│ □ 1 5 │ □ □ 9 │ □ 3 8 │
[1;2m3 [00m│ □ 6 3 │ □ □ □ │ □ □ 2 │
  ├───────┼───────┼───────┤
[1;2m4 [00m│ 1 □ □ │ □ □ 7 │ □ □ □ │
[1;2m5 [00m│ □ □ 9 │ □ □ [1;34m6[00m │ 2 □ □ │
[1;2m6 [00m│ □ □ □ │ 5 □ 2 │ □ □ 4 │
  ├───────┼───────┼───────┤
[1;2m7 [00m│ □ □ □ │ □ □ □ │ □ 2 □ │
[1;2m8 [00m│ 5 □ □ │ 6 □ □ │ 3 4 □ │
[1;2m9 [00m│ 3 4 □ │ 2 □ □ │ □ □ □ │
  └───────┴───────┴───────┘
[1;2m    1 2 3   4 5 6   7 8 9[00m

(sudb) check move_before_guess
Current state saved at "move_before_guess".
(sudb) step 2

   MOVE 6 (guessed)
  ┌───────┬───────┬───────┐
[1;2m1 [00m│ [0;32m2[00m □ □ │ □ □ 3 │ □ 1 7 │
[1;2m2 [00m│ □ 1 5 │ □ □ 9 │ □ 3 8 │
[1;2m3 [00m│ □ 6 3 │ □ □ □ │ □ □ 2 │
  ├───────┼───────┼───────┤
[1;2m4 [00m│ 1 □ □ │ □ □ 7 │ □ □ □ │
[1;2m5 [00m│ □ □ 9 │ □ □ 6 │ 2 □ □ │
[1;2m6 [00m│ □ □ □ │ 5 □ 2 │ □ □ 4 │
  ├───────┼───────┼───────┤
[1;2m7 [00m│ □ □ □ │ □ □ □ │ □ 2 □ │
[1;2m8 [00m│ 5 □ □ │ 6 □ □ │ 3 4 □ │
[1;2m9 [00m│ 3 4 □ │ 2 □ □ │ □ □ □ │
  └───────┴───────┴───────┘
[1;2m    1 2 3   4 5 6   7 8 9[00m


   MOVE 7
  ┌───────┬───────┬───────┐
[1;2m1 [00m│ 2 □ □ │ □ □ 3 │ □ 1 7 │
[1;2m2 [00m│ □ 1 5 │ □ [1;34m2[00m 9 │ □ 3 8 │
[1;2m3 [00m│ □ 6 3 │ □ □ □ │ □ □ 2 │
  ├───────┼───────┼───────┤
[1;2m4 [00m│ 1 □ □ │ □ □ 7 │ □ □ □ │
[1;2m5 [00m│ □ □ 9 │ □ □ 6 │ 2 □ □ │
[1;2m6 [00m│ □ □ □ │ 5 □ 2 │ □ □ 4 │
  ├───────┼───────┼───────┤
[1;2m7 [00m│ □ □ □ │ □ □ □ │ □ 2 □ │
[1;2m8 [00m│ 5 □ □ │ 6 □ □ │ 3 4 □ │
[1;2m9 [00m│ 3 4 □ │ 2 □ □ │ □ □ □ │
  └───────┴───────┴───────┘
[1;2m    1 2 3   4 5 6   7 8 9[00m

(sudb) restart move_before_guess

   MOVE 5 (corrected)
  ┌───────┬───────┬───────┐
[1;2m1 [00m│ [1;31m□[00m □ □ │ □ □ 3 │ □ 1 7 │
[1;2m2 [00m│ □ 1 5 │ □ [1;31m□[00m 9 │ □ 3 8 │
[1;2m3 [00m│ □ 6 3 │ □ □ □ │ □ □ 2 │
  ├───────┼───────┼───────┤
[1;2m4 [00m│ 1 □ □ │ □ □ 7 │ □ □ □ │
[1;2m5 [00m│ □ □ 9 │ □ □ 6 │ 2 □ □ │
[1;2m6 [00m│ □ □ □ │ 5 □ 2 │ □ □ 4 │
  ├───────┼───────┼───────┤
[1;2m7 [00m│ □ □ □ │ □ □ □ │ □ 2 □ │
[1;2m8 [00m│ 5 □ □ │ 6 □ □ │ 3 4 □ │
[1;2m9 [00m│ 3 4 □ │ 2 □ □ │ □ □ □ │
  └───────┴───────┴───────┘
[1;2m    1 2 3   4 5 6   7 8 9[00m

(sudb) set guessbreak # turn on
Break on guesses enabled.
(sudb) step 2

   MOVE 6 (guessed)
  ┌───────┬───────┬───────┐
[1;2m1 [00m│ [0;32m2[00m □ □ │ □ □ 3 │ □ 1 7 │
[1;2m2 [00m│ □ 1 5 │ □ □ 9 │ □ 3 8 │
[1;2m3 [00m│ □ 6 3 │ □ □ □ │ □ □ 2 │
  ├───────┼───────┼───────┤
[1;2m4 [00m│ 1 □ □ │ □ □ 7 │ □ □ □ │
[1;2m5 [00m│ □ □ 9 │ □ □ 6 │ 2 □ □ │
[1;2m6 [00m│ □ □ □ │ 5 □ 2 │ □ □ 4 │
  ├───────┼───────┼───────┤
[1;2m7 [00m│ □ □ □ │ □ □ □ │ □ 2 □ │
[1;2m8 [00m│ 5 □ □ │ 6 □ □ │ 3 4 □ │
[1;2m9 [00m│ 3 4 □ │ 2 □ □ │ □ □ □ │
  └───────┴───────┴───────┘
[1;2m    1 2 3   4 5 6   7 8 9[00m

Breaking on guess; use "set guessbreak" to toggle off.
(sudb) restart
The puzzle is beyond its original state.
Restart anyway? (y or n) [assumed Y]

   MOVE 0 (corrected)
  ┌───────┬───────┬───────┐
[1;2m1 [00m│ [1;31m□[00m □ □ │ □ □ 3 │ □ 1 7 │
[1;2m2 [00m│ □ 1 5 │ □ □ 9 │ □ [1;31m□[00m 8 │
[1;2m3 [00m│ □ 6 [1;31m□[00m │ □ □ □ │ □ □ [1;31m□[00m │
  ├───────┼───────┼───────┤
[1;2m4 [00m│ 1 □ □ │ □ □ 7 │ □ □ □ │
[1;2m5 [00m│ □ □ 9 │ □ □ [1;31m□[00m │ 2 □ □ │
[1;2m6 [00m│ □ □ □ │ 5 □ [1;31m□[00m │ □ □ 4 │
  ├───────┼───────┼───────┤
[1;2m7 [00m│ □ □ □ │ □ □ □ │ □ 2 □ │
[1;2m8 [00m│ 5 □ □ │ 6 □ □ │ 3 4 □ │
[1;2m9 [00m│ 3 4 □ │ 2 □ □ │ □ □ □ │
  └───────┴───────┴───────┘
[1;2m    1 2 3   4 5 6   7 8 9[00m

(sudb) set guessbreak # turn off
Break on guesses disabled.
(sudb) # test `set markview`
(sudb) mark 1 1 9
Added to candidates for (1, 1): [9].
(sudb) mark 9 9 9
Added to candidates for (9, 9): [9].
(sudb) set markview # turn on
Always print marks enabled.
(sudb) step

   MOVE 1
  ╔═══════════════════╦═══════════════════╦═══════════════════╗
  ║ ┌───┐ ┌───┐ ┌───┐ ║ ┌───┐ ┌───┐       ║ ┌───┐             ║
  ║ │   │ │   │ │   │ ║ │   │ │   │       ║ │   │             ║
[1;2m1 [00m║ │   │ │   │ │   │ ║ │   │ │   │   3   ║ │   │   1     7   ║
  ║ │  9│ │   │ │   │ ║ │   │ │   │       ║ │   │             ║
  ║ └───┘ └───┘ └───┘ ║ └───┘ └───┘       ║ └───┘             ║
  ║ ┌───┐             ║ ┌───┐ ┌───┐       ║ ┌───┐ [1;34m     [00m       ║
  ║ │   │             ║ │   │ │   │       ║ │   │ [1;34m     [00m       ║
[1;2m2 [00m║ │   │   1     5   ║ │   │ │   │   9   ║ │   │ [1;34m  3  [00m   8   ║
  ║ │   │             ║ │   │ │   │       ║ │   │ [1;34m     [00m       ║
  ║ └───┘             ║ └───┘ └───┘       ║ └───┘ [1;34m     [00m       ║
  ║ ┌───┐       ┌───┐ ║ ┌───┐ ┌───┐ ┌───┐ ║ ┌───┐ ┌───┐ ┌───┐ ║
  ║ │   │       │   │ ║ │   │ │   │ │   │ ║ │   │ │   │ │   │ ║
[1;2m3 [00m║ │   │   6   │   │ ║ │   │ │   │ │   │ ║ │   │ │   │ │   │ ║
  ║ │   │       │   │ ║ │   │ │   │ │   │ ║ │   │ │   │ │   │ ║
  ║ └───┘       └───┘ ║ └───┘ └───┘ └───┘ ║ └───┘ └───┘ └───┘ ║
  ╠═══════════════════╬═══════════════════╬═══════════════════╣
  ║       ┌───┐ ┌───┐ ║ ┌───┐ ┌───┐       ║ ┌───┐ ┌───┐ ┌───┐ ║
  ║       │   │ │   │ ║ │   │ │   │       ║ │   │ │   │ │   │ ║
[1;2m4 [00m║   1   │   │ │   │ ║ │   │ │   │   7   ║ │   │ │   │ │   │ ║
  ║       │   │ │   │ ║ │   │ │   │       ║ │   │ │   │ │   │ ║
  ║       └───┘ └───┘ ║ └───┘ └───┘       ║ └───┘ └───┘ └───┘ ║
  ║ ┌───┐ ┌───┐       ║ ┌───┐ ┌───┐ ┌───┐ ║       ┌───┐ ┌───┐ ║
  ║ │   │ │   │       ║ │   │ │   │ │   │ ║       │   │ │   │ ║
[1;2m5 [00m║ │   │ │   │   9   ║ │   │ │   │ │   │ ║   2   │   │ │   │ ║
  ║ │   │ │   │       ║ │   │ │   │ │   │ ║       │   │ │   │ ║
  ║ └───┘ └───┘       ║ └───┘ └───┘ └───┘ ║       └───┘ └───┘ ║
  ║ ┌───┐ ┌───┐ ┌───┐ ║       ┌───┐ ┌───┐ ║ ┌───┐ ┌───┐       ║
  ║ │   │ │   │ │   │ ║       │   │ │   │ ║ │   │ │   │       ║
[1;2m6 [00m║ │   │ │   │ │   │ ║   5   │   │ │   │ ║ │   │ │   │   4   ║
  ║ │   │ │   │ │   │ ║       │   │ │   │ ║ │   │ │   │       ║
  ║ └───┘ └───┘ └───┘ ║       └───┘ └───┘ ║ └───┘ └───┘       ║
  ╠═══════════════════╬═══════════════════╬═══════════════════╣
  ║ ┌───┐ ┌───┐ ┌───┐ ║ ┌───┐ ┌───┐ ┌───┐ ║ ┌───┐       ┌───┐ ║
  ║ │   │ │   │ │   │ ║ │   │ │   │ │   │ ║ │   │       │   │ ║
[1;2m7 [00m║ │   │ │   │ │   │ ║ │   │ │   │ │   │ ║ │   │   2   │   │ ║
  ║ │   │ │   │ │   │ ║ │   │ │   │ │   │ ║ │   │       │   │ ║
  ║ └───┘ └───┘ └───┘ ║ └───┘ └───┘ └───┘ ║ └───┘       └───┘ ║
  ║       ┌───┐ ┌───┐ ║       ┌───┐ ┌───┐ ║             ┌───┐ ║
  ║       │   │ │   │ ║       │   │ │   │ ║             │   │ ║
[1;2m8 [00m║   5   │   │ │   │ ║   6   │   │ │   │ ║   3     4   │   │ ║
  ║       │   │ │   │ ║       │   │ │   │ ║             │   │ ║
  ║       └───┘ └───┘ ║       └───┘ └───┘ ║             └───┘ ║
  ║             ┌───┐ ║       ┌───┐ ┌───┐ ║ ┌───┐ ┌───┐ ┌───┐ ║
  ║             │   │ ║       │   │ │   │ ║ │   │ │   │ │   │ ║
[1;2m9 [00m║   3     4   │   │ ║   2   │   │ │   │ ║ │   │ │   │ │   │ ║
  ║             │   │ ║       │   │ │   │ ║ │   │ │   │ │  9│ ║
  ║             └───┘ ║       └───┘ └───┘ ║ └───┘ └───┘ └───┘ ║
  ╚═══════════════════╩═══════════════════╩═══════════════════╝
[1;2m      1     2     3       4     5     6       7     8     9[00m

(sudb) explain

   MOVE 1 (reasons)
  ╔═══════════════════╦═══════════════════╦═══════════════════╗
  ║ ┌───┐ ┌───┐ ┌───┐ ║ ┌───┐ ┌───┐ [1;35m     [00m ║ ┌───┐             ║
  ║ │   │ │   │ │   │ ║ │   │ │   │ [1;35m     [00m ║ │   │             ║
[1;2m1 [00m║ │   │ │   │ │   │ ║ │   │ │   │ [1;35m  3  [00m ║ │   │   1     7   ║
  ║ │  9│ │   │ │   │ ║ │   │ │   │ [1;35m     [00m ║ │   │             ║
  ║ └───┘ └───┘ └───┘ ║ └───┘ └───┘ [1;35m     [00m ║ └───┘             ║
  ║ [1;7m[1;35m┌───┐[00m             ║ [1;7m[1;35m┌───┐[00m [1;7m[1;35m┌───┐[00m       ║ [1;7m[1;35m┌───┐[00m [1;34m     [00m       ║
  ║ [1;7m[1;35m│   │[00m             ║ [1;7m[1;35m│   │[00m [1;7m[1;35m│   │[00m       ║ [1;7m[1;35m│   │[00m [1;34m     [00m       ║
[1;2m2 [00m║ [1;7m[1;35m│   │[00m   1     5   ║ [1;7m[1;35m│   │[00m [1;7m[1;35m│   │[00m   9   ║ [1;7m[1;35m│   │[00m [1;34m  3  [00m   8   ║
  ║ [1;7m[1;35m│   │[00m             ║ [1;7m[1;35m│   │[00m [1;7m[1;35m│   │[00m       ║ [1;7m[1;35m│   │[00m [1;34m     [00m       ║
  ║ [1;7m[1;35m└───┘[00m             ║ [1;7m[1;35m└───┘[00m [1;7m[1;35m└───┘[00m       ║ [1;7m[1;35m└───┘[00m [1;34m     [00m       ║
  ║ ┌───┐       ┌───┐ ║ ┌───┐ ┌───┐ ┌───┐ ║ ┌───┐ ┌───┐ ┌───┐ ║
  ║ │   │       │   │ ║ │   │ │   │ │   │ ║ │   │ │   │ │   │ ║
[1;2m3 [00m║ │   │   6   │   │ ║ │   │ │   │ │   │ ║ │   │ │   │ │   │ ║
  ║ │   │       │   │ ║ │   │ │   │ │   │ ║ │   │ │   │ │   │ ║
  ║ └───┘       └───┘ ║ └───┘ └───┘ └───┘ ║ └───┘ └───┘ └───┘ ║
  ╠═══════════════════╬═══════════════════╬═══════════════════╣
  ║       ┌───┐ ┌───┐ ║ ┌───┐ ┌───┐       ║ ┌───┐ ┌───┐ ┌───┐ ║
  ║       │   │ │   │ ║ │   │ │   │       ║ │   │ │   │ │   │ ║
[1;2m4 [00m║   1   │   │ │   │ ║ │   │ │   │   7   ║ │   │ │   │ │   │ ║
  ║       │   │ │   │ ║ │   │ │   │       ║ │   │ │   │ │   │ ║
  ║       └───┘ └───┘ ║ └───┘ └───┘       ║ └───┘ └───┘ └───┘ ║
  ║ ┌───┐ ┌───┐       ║ ┌───┐ ┌───┐ ┌───┐ ║       ┌───┐ ┌───┐ ║
  ║ │   │ │   │       ║ │   │ │   │ │   │ ║       │   │ │   │ ║
[1;2m5 [00m║ │   │ │   │   9   ║ │   │ │   │ │   │ ║   2   │   │ │   │ ║
  ║ │   │ │   │       ║ │   │ │   │ │   │ ║       │   │ │   │ ║
  ║ └───┘ └───┘       ║ └───┘ └───┘ └───┘ ║       └───┘ └───┘ ║
  ║ ┌───┐ ┌───┐ ┌───┐ ║       ┌───┐ ┌───┐ ║ ┌───┐ ┌───┐       ║
  ║ │   │ │   │ │   │ ║       │   │ │   │ ║ │   │ │   │       ║
[1;2m6 [00m║ │   │ │   │ │   │ ║   5   │   │ │   │ ║ │   │ │   │   4   ║
  ║ │   │ │   │ │   │ ║       │   │ │   │ ║ │   │ │   │       ║
  ║ └───┘ └───┘ └───┘ ║       └───┘ └───┘ ║ └───┘ └───┘       ║
  ╠═══════════════════╬═══════════════════╬═══════════════════╣
  ║ ┌───┐ ┌───┐ ┌───┐ ║ ┌───┐ ┌───┐ ┌───┐ ║ ┌───┐       ┌───┐ ║
  ║ │   │ │   │ │   │ ║ │   │ │   │ │   │ ║ │   │       │   │ ║
[1;2m7 [00m║ │   │ │   │ │   │ ║ │   │ │   │ │   │ ║ │   │   2   │   │ ║
  ║ │   │ │   │ │   │ ║ │   │ │   │ │   │ ║ │   │       │   │ ║
  ║ └───┘ └───┘ └───┘ ║ └───┘ └───┘ └───┘ ║ └───┘       └───┘ ║
  ║       ┌───┐ ┌───┐ ║       ┌───┐ ┌───┐ ║ [1;35m     [00m       ┌───┐ ║
  ║       │   │ │   │ ║       │   │ │   │ ║ [1;35m     [00m       │   │ ║
[1;2m8 [00m║   5   │   │ │   │ ║   6   │   │ │   │ ║ [1;35m  3  [00m   4   │   │ ║
  ║       │   │ │   │ ║       │   │ │   │ ║ [1;35m     [00m       │   │ ║
  ║       └───┘ └───┘ ║       └───┘ └───┘ ║ [1;35m     [00m       └───┘ ║
  ║ [1;35m     [00m       ┌───┐ ║       ┌───┐ ┌───┐ ║ ┌───┐ ┌───┐ ┌───┐ ║
  ║ [1;35m     [00m       │   │ ║       │   │ │   │ ║ │   │ │   │ │   │ ║
[1;2m9 [00m║ [1;35m  3  [00m   4   │   │ ║   2   │   │ │   │ ║ │   │ │   │ │   │ ║
  ║ [1;35m     [00m       │   │ ║       │   │ │   │ ║ │   │ │   │ │  9│ ║
  ║ [1;35m     [00m       └───┘ ║       └───┘ └───┘ ║ └───┘ └───┘ └───┘ ║
  ╚═══════════════════╩═══════════════════╩═══════════════════╝
[1;2m      1     2     3       4     5     6       7     8     9[00m

(sudb) unstep

   MOVE 0 (corrected)
  ╔═══════════════════╦═══════════════════╦═══════════════════╗
  ║ ┌───┐ ┌───┐ ┌───┐ ║ ┌───┐ ┌───┐       ║ ┌───┐             ║
  ║ │   │ │   │ │   │ ║ │   │ │   │       ║ │   │             ║
[1;2m1 [00m║ │   │ │   │ │   │ ║ │   │ │   │   3   ║ │   │   1     7   ║
  ║ │  9│ │   │ │   │ ║ │   │ │   │       ║ │   │             ║
  ║ └───┘ └───┘ └───┘ ║ └───┘ └───┘       ║ └───┘             ║
  ║ ┌───┐             ║ ┌───┐ ┌───┐       ║ ┌───┐ [1;31m┌───┐[00m       ║
  ║ │   │             ║ │   │ │   │       ║ │   │ [1;31m│   │[00m       ║
[1;2m2 [00m║ │   │   1     5   ║ │   │ │   │   9   ║ │   │ [1;31m│   │[00m   8   ║
  ║ │   │             ║ │   │ │   │       ║ │   │ [1;31m│   │[00m       ║
  ║ └───┘             ║ └───┘ └───┘       ║ └───┘ [1;31m└───┘[00m       ║
  ║ ┌───┐       ┌───┐ ║ ┌───┐ ┌───┐ ┌───┐ ║ ┌───┐ ┌───┐ ┌───┐ ║
  ║ │   │       │   │ ║ │   │ │   │ │   │ ║ │   │ │   │ │   │ ║
[1;2m3 [00m║ │   │   6   │   │ ║ │   │ │   │ │   │ ║ │   │ │   │ │   │ ║
  ║ │   │       │   │ ║ │   │ │   │ │   │ ║ │   │ │   │ │   │ ║
  ║ └───┘       └───┘ ║ └───┘ └───┘ └───┘ ║ └───┘ └───┘ └───┘ ║
  ╠═══════════════════╬═══════════════════╬═══════════════════╣
  ║       ┌───┐ ┌───┐ ║ ┌───┐ ┌───┐       ║ ┌───┐ ┌───┐ ┌───┐ ║
  ║       │   │ │   │ ║ │   │ │   │       ║ │   │ │   │ │   │ ║
[1;2m4 [00m║   1   │   │ │   │ ║ │   │ │   │   7   ║ │   │ │   │ │   │ ║
  ║       │   │ │   │ ║ │   │ │   │       ║ │   │ │   │ │   │ ║
  ║       └───┘ └───┘ ║ └───┘ └───┘       ║ └───┘ └───┘ └───┘ ║
  ║ ┌───┐ ┌───┐       ║ ┌───┐ ┌───┐ ┌───┐ ║       ┌───┐ ┌───┐ ║
  ║ │   │ │   │       ║ │   │ │   │ │   │ ║       │   │ │   │ ║
[1;2m5 [00m║ │   │ │   │   9   ║ │   │ │   │ │   │ ║   2   │   │ │   │ ║
  ║ │   │ │   │       ║ │   │ │   │ │   │ ║       │   │ │   │ ║
  ║ └───┘ └───┘       ║ └───┘ └───┘ └───┘ ║       └───┘ └───┘ ║
  ║ ┌───┐ ┌───┐ ┌───┐ ║       ┌───┐ ┌───┐ ║ ┌───┐ ┌───┐       ║
  ║ │   │ │   │ │   │ ║       │   │ │   │ ║ │   │ │   │       ║
[1;2m6 [00m║ │   │ │   │ │   │ ║   5   │   │ │   │ ║ │   │ │   │   4   ║
  ║ │   │ │   │ │   │ ║       │   │ │   │ ║ │   │ │   │       ║
  ║ └───┘ └───┘ └───┘ ║       └───┘ └───┘ ║ └───┘ └───┘       ║
  ╠═══════════════════╬═══════════════════╬═══════════════════╣
  ║ ┌───┐ ┌───┐ ┌───┐ ║ ┌───┐ ┌───┐ ┌───┐ ║ ┌───┐       ┌───┐ ║
  ║ │   │ │   │ │   │ ║ │   │ │   │ │   │ ║ │   │       │   │ ║
[1;2m7 [00m║ │   │ │   │ │   │ ║ │   │ │   │ │   │ ║ │   │   2   │   │ ║
  ║ │   │ │   │ │   │ ║ │   │ │   │ │   │ ║ │   │       │   │ ║
  ║ └───┘ └───┘ └───┘ ║ └───┘ └───┘ └───┘ ║ └───┘       └───┘ ║
  ║       ┌───┐ ┌───┐ ║       ┌───┐ ┌───┐ ║             ┌───┐ ║
  ║       │   │ │   │ ║       │   │ │   │ ║             │   │ ║
[1;2m8 [00m║   5   │   │ │   │ ║   6   │   │ │   │ ║   3     4   │   │ ║
  ║       │   │ │   │ ║       │   │ │   │ ║             │   │ ║
  ║       └───┘ └───┘ ║       └───┘ └───┘ ║             └───┘ ║
  ║             ┌───┐ ║       ┌───┐ ┌───┐ ║ ┌───┐ ┌───┐ ┌───┐ ║
  ║             │   │ ║       │   │ │   │ ║ │   │ │   │ │   │ ║
[1;2m9 [00m║   3     4   │   │ ║   2   │   │ │   │ ║ │   │ │   │ │   │ ║
  ║             │   │ ║       │   │ │   │ ║ │   │ │   │ │  9│ ║
  ║             └───┘ ║       └───┘ └───┘ ║ └───┘ └───┘ └───┘ ║
  ╚═══════════════════╩═══════════════════╩═══════════════════╝
[1;2m      1     2     3       4     5     6       7     8     9[00m

(sudb) set markview # turn off
Always print marks disabled.
(sudb) step

   MOVE 1
  ┌───────┬───────┬───────┐
[1;2m1 [00m│ □ □ □ │ □ □ 3 │ □ 1 7 │
[1;2m2 [00m│ □ 1 5 │ □ □ 9 │ □ [1;34m3[00m 8 │
[1;2m3 [00m│ □ 6 □ │ □ □ □ │ □ □ □ │
  ├───────┼───────┼───────┤
[1;2m4 [00m│ 1 □ □ │ □ □ 7 │ □ □ □ │
[1;2m5 [00m│ □ □ 9 │ □ □ □ │ 2 □ □ │
[1;2m6 [00m│ □ □ □ │ 5 □ □ │ □ □ 4 │
  ├───────┼───────┼───────┤
[1;2m7 [00m│ □ □ □ │ □ □ □ │ □ 2 □ │
[1;2m8 [00m│ 5 □ □ │ 6 □ □ │ 3 4 □ │
[1;2m9 [00m│ 3 4 □ │ 2 □ □ │ □ □ □ │
  └───────┴───────┴───────┘
[1;2m    1 2 3   4 5 6   7 8 9[00m

(sudb) explain

   MOVE 1 (reasons)
  ┌───────┬───────┬───────┐
[1;2m1 [00m│ □ □ □ │ □ □ [1;35m3[00m │ □ 1 7 │
[1;2m2 [00m│ [1;7m[1;35m□[00m 1 5 │ [1;7m[1;35m□[00m [1;7m[1;35m□[00m 9 │ [1;7m[1;35m□[00m [1;34m3[00m 8 │
[1;2m3 [00m│ □ 6 □ │ □ □ □ │ □ □ □ │
  ├───────┼───────┼───────┤
[1;2m4 [00m│ 1 □ □ │ □ □ 7 │ □ □ □ │
[1;2m5 [00m│ □ □ 9 │ □ □ □ │ 2 □ □ │
[1;2m6 [00m│ □ □ □ │ 5 □ □ │ □ □ 4 │
  ├───────┼───────┼───────┤
[1;2m7 [00m│ □ □ □ │ □ □ □ │ □ 2 □ │
[1;2m8 [00m│ 5 □ □ │ 6 □ □ │ [1;35m3[00m 4 □ │
[1;2m9 [00m│ [1;35m3[00m 4 □ │ 2 □ □ │ □ □ □ │
  └───────┴───────┴───────┘
[1;2m    1 2 3   4 5 6   7 8 9[00m

(sudb) unstep

   MOVE 0 (corrected)
  ┌───────┬───────┬───────┐
[1;2m1 [00m│ □ □ □ │ □ □ 3 │ □ 1 7 │
[1;2m2 [00m│ □ 1 5 │ □ □ 9 │ □ [1;31m□[00m 8 │
[1;2m3 [00m│ □ 6 □ │ □ □ □ │ □ □ □ │
  ├───────┼───────┼───────┤
[1;2m4 [00m│ 1 □ □ │ □ □ 7 │ □ □ □ │
[1;2m5 [00m│ □ □ 9 │ □ □ □ │ 2 □ □ │
[1;2m6 [00m│ □ □ □ │ 5 □ □ │ □ □ 4 │
  ├───────┼───────┼───────┤
[1;2m7 [00m│ □ □ □ │ □ □ □ │ □ 2 □ │
[1;2m8 [00m│ 5 □ □ │ 6 □ □ │ 3 4 □ │
[1;2m9 [00m│ 3 4 □ │ 2 □ □ │ □ □ □ │
  └───────┴───────┴───────┘
[1;2m    1 2 3   4 5 6   7 8 9[00m

(sudb) # test `set prompt`
(sudb) set prompt sudb# 
sudb# set prompt all spaces  taken    literally> 
all spaces  taken    literally> # even no argument is taken literally
all spaces  taken    literally> set prompt
# reset prompt
set prompt (sudb) 
(sudb) # test `set width`
(sudb) set width 80 # set wide
Width set to 80 characters.
(sudb) print marks

╔═════════════════════════╦═════════════════════════╦═════════════════════════╗
║ ┌─────┐ ┌─────┐ ┌─────┐ ║ ┌─────┐ ┌─────┐         ║ ┌─────┐                 ║
║ │ ⑨   │ │     │ │     │ ║ │     │ │     │  [1m3[00m      ║ │     │  [1m1[00m       [1m7[00m      ║
║ │     │ │     │ │     │ ║ │     │ │     │         ║ │     │                 ║
║ └─────┘ └─────┘ └─────┘ ║ └─────┘ └─────┘         ║ └─────┘                 ║
║ ┌─────┐                 ║ ┌─────┐ ┌─────┐         ║ ┌─────┐ ┌─────┐         ║
║ │     │  [1m1[00m       [1m5[00m      ║ │     │ │     │  [1m9[00m      ║ │     │ │     │  [1m8[00m      ║
║ │     │                 ║ │     │ │     │         ║ │     │ │     │         ║
║ └─────┘                 ║ └─────┘ └─────┘         ║ └─────┘ └─────┘         ║
║ ┌─────┐         ┌─────┐ ║ ┌─────┐ ┌─────┐ ┌─────┐ ║ ┌─────┐ ┌─────┐ ┌─────┐ ║
║ │     │  [1m6[00m      │     │ ║ │     │ │     │ │     │ ║ │     │ │     │ │     │ ║
║ │     │         │     │ ║ │     │ │     │ │     │ ║ │     │ │     │ │     │ ║
║ └─────┘         └─────┘ ║ └─────┘ └─────┘ └─────┘ ║ └─────┘ └─────┘ └─────┘ ║
╠═════════════════════════╬═════════════════════════╬═════════════════════════╣
║         ┌─────┐ ┌─────┐ ║ ┌─────┐ ┌─────┐         ║ ┌─────┐ ┌─────┐ ┌─────┐ ║
║  [1m1[00m      │     │ │     │ ║ │     │ │     │  [1m7[00m      ║ │     │ │     │ │     │ ║
║         │     │ │     │ ║ │     │ │     │         ║ │     │ │     │ │     │ ║
║         └─────┘ └─────┘ ║ └─────┘ └─────┘         ║ └─────┘ └─────┘ └─────┘ ║
║ ┌─────┐ ┌─────┐         ║ ┌─────┐ ┌─────┐ ┌─────┐ ║         ┌─────┐ ┌─────┐ ║
║ │     │ │     │  [1m9[00m      ║ │     │ │     │ │     │ ║  [1m2[00m      │     │ │     │ ║
║ │     │ │     │         ║ │     │ │     │ │     │ ║         │     │ │     │ ║
║ └─────┘ └─────┘         ║ └─────┘ └─────┘ └─────┘ ║         └─────┘ └─────┘ ║
║ ┌─────┐ ┌─────┐ ┌─────┐ ║         ┌─────┐ ┌─────┐ ║ ┌─────┐ ┌─────┐         ║
║ │     │ │     │ │     │ ║  [1m5[00m      │     │ │     │ ║ │     │ │     │  [1m4[00m      ║
║ │     │ │     │ │     │ ║         │     │ │     │ ║ │     │ │     │         ║
║ └─────┘ └─────┘ └─────┘ ║         └─────┘ └─────┘ ║ └─────┘ └─────┘         ║
╠═════════════════════════╬═════════════════════════╬═════════════════════════╣
║ ┌─────┐ ┌─────┐ ┌─────┐ ║ ┌─────┐ ┌─────┐ ┌─────┐ ║ ┌─────┐         ┌─────┐ ║
║ │     │ │     │ │     │ ║ │     │ │     │ │     │ ║ │     │  [1m2[00m      │     │ ║
║ │     │ │     │ │     │ ║ │     │ │     │ │     │ ║ │     │         │     │ ║
║ └─────┘ └─────┘ └─────┘ ║ └─────┘ └─────┘ └─────┘ ║ └─────┘         └─────┘ ║
║         ┌─────┐ ┌─────┐ ║         ┌─────┐ ┌─────┐ ║                 ┌─────┐ ║
║  [1m5[00m      │     │ │     │ ║  [1m6[00m      │     │ │     │ ║  [1m3[00m       [1m4[00m      │     │ ║
║         │     │ │     │ ║         │     │ │     │ ║                 │     │ ║
║         └─────┘ └─────┘ ║         └─────┘ └─────┘ ║                 └─────┘ ║
║                 ┌─────┐ ║         ┌─────┐ ┌─────┐ ║ ┌─────┐ ┌─────┐ ┌─────┐ ║
║  [1m3[00m       [1m4[00m      │     │ ║  [1m2[00m      │     │ │     │ ║ │     │ │     │ │ ⑨   │ ║
║                 │     │ ║         │     │ │     │ ║ │     │ │     │ │     │ ║
║                 └─────┘ ║         └─────┘ └─────┘ ║ └─────┘ └─────┘ └─────┘ ║
╚═════════════════════════╩═════════════════════════╩═════════════════════════╝

(sudb) help step
Step for one or more moves.
Usage: step [INTEGER]

Argument INTEGER means to step at most INTEGER times; if the solver becomes
stuck or arrives at a breakpoint first, it may stop earlier. If INTEGER is not
given, 1 is assumed. Regardless of any ambiguity, "s" may be used for "step".
(sudb) set width 60 # set narrow
Width set to 60 characters.
(sudb) print marks

╔═══════════════════╦═══════════════════╦═══════════════════╗
║ ┌───┐ ┌───┐ ┌───┐ ║ ┌───┐ ┌───┐       ║ ┌───┐             ║
║ │   │ │   │ │   │ ║ │   │ │   │       ║ │   │             ║
║ │   │ │   │ │   │ ║ │   │ │   │   3   ║ │   │   1     7   ║
║ │  9│ │   │ │   │ ║ │   │ │   │       ║ │   │             ║
║ └───┘ └───┘ └───┘ ║ └───┘ └───┘       ║ └───┘             ║
║ ┌───┐             ║ ┌───┐ ┌───┐       ║ ┌───┐ ┌───┐       ║
║ │   │             ║ │   │ │   │       ║ │   │ │   │       ║
║ │   │   1     5   ║ │   │ │   │   9   ║ │   │ │   │   8   ║
║ │   │             ║ │   │ │   │       ║ │   │ │   │       ║
║ └───┘             ║ └───┘ └───┘       ║ └───┘ └───┘       ║
║ ┌───┐       ┌───┐ ║ ┌───┐ ┌───┐ ┌───┐ ║ ┌───┐ ┌───┐ ┌───┐ ║
║ │   │       │   │ ║ │   │ │   │ │   │ ║ │   │ │   │ │   │ ║
║ │   │   6   │   │ ║ │   │ │   │ │   │ ║ │   │ │   │ │   │ ║
║ │   │       │   │ ║ │   │ │   │ │   │ ║ │   │ │   │ │   │ ║
║ └───┘       └───┘ ║ └───┘ └───┘ └───┘ ║ └───┘ └───┘ └───┘ ║
╠═══════════════════╬═══════════════════╬═══════════════════╣
║       ┌───┐ ┌───┐ ║ ┌───┐ ┌───┐       ║ ┌───┐ ┌───┐ ┌───┐ ║
║       │   │ │   │ ║ │   │ │   │       ║ │   │ │   │ │   │ ║
║   1   │   │ │   │ ║ │   │ │   │   7   ║ │   │ │   │ │   │ ║
║       │   │ │   │ ║ │   │ │   │       ║ │   │ │   │ │   │ ║
║       └───┘ └───┘ ║ └───┘ └───┘       ║ └───┘ └───┘ └───┘ ║
║ ┌───┐ ┌───┐       ║ ┌───┐ ┌───┐ ┌───┐ ║       ┌───┐ ┌───┐ ║
║ │   │ │   │       ║ │   │ │   │ │   │ ║       │   │ │   │ ║
║ │   │ │   │   9   ║ │   │ │   │ │   │ ║   2   │   │ │   │ ║
║ │   │ │   │       ║ │   │ │   │ │   │ ║       │   │ │   │ ║
║ └───┘ └───┘       ║ └───┘ └───┘ └───┘ ║       └───┘ └───┘ ║
║ ┌───┐ ┌───┐ ┌───┐ ║       ┌───┐ ┌───┐ ║ ┌───┐ ┌───┐       ║
║ │   │ │   │ │   │ ║       │   │ │   │ ║ │   │ │   │       ║
║ │   │ │   │ │   │ ║   5   │   │ │   │ ║ │   │ │   │   4   ║
║ │   │ │   │ │   │ ║       │   │ │   │ ║ │   │ │   │       ║
║ └───┘ └───┘ └───┘ ║       └───┘ └───┘ ║ └───┘ └───┘       ║
╠═══════════════════╬═══════════════════╬═══════════════════╣
║ ┌───┐ ┌───┐ ┌───┐ ║ ┌───┐ ┌───┐ ┌───┐ ║ ┌───┐       ┌───┐ ║
║ │   │ │   │ │   │ ║ │   │ │   │ │   │ ║ │   │       │   │ ║
║ │   │ │   │ │   │ ║ │   │ │   │ │   │ ║ │   │   2   │   │ ║
║ │   │ │   │ │   │ ║ │   │ │   │ │   │ ║ │   │       │   │ ║
║ └───┘ └───┘ └───┘ ║ └───┘ └───┘ └───┘ ║ └───┘       └───┘ ║
║       ┌───┐ ┌───┐ ║       ┌───┐ ┌───┐ ║             ┌───┐ ║
║       │   │ │   │ ║       │   │ │   │ ║             │   │ ║
║   5   │   │ │   │ ║   6   │   │ │   │ ║   3     4   │   │ ║
║       │   │ │   │ ║       │   │ │   │ ║             │   │ ║
║       └───┘ └───┘ ║       └───┘ └───┘ ║             └───┘ ║
║             ┌───┐ ║       ┌───┐ ┌───┐ ║ ┌───┐ ┌───┐ ┌───┐ ║
║             │   │ ║       │   │ │   │ ║ │   │ │   │ │   │ ║
║   3     4   │   │ ║   2   │   │ │   │ ║ │   │ │   │ │   │ ║
║             │   │ ║       │   │ │   │ ║ │   │ │   │ │  9│ ║
║             └───┘ ║       └───┘ └───┘ ║ └───┘ └───┘ └───┘ ║
╚═══════════════════╩═══════════════════╩═══════════════════╝

(sudb) set ascii # show ascii version
UTF-8 output disabled.
(sudb) print marks

+-------------------+-------------------+-------------------+
| ..... ..... ..... | ..... .....       | .....             |
| !   ! !   ! !   ! | !   ! !   !       | !   !             |
| !   ! !   ! !   ! | !   ! !   !   3   | !   !   1     7   |
| !  9! !   ! !   ! | !   ! !   !       | !   !             |
| !...! !...! !...! | !...! !...!       | !...!             |
| .....             | ..... .....       | ..... .....       |
| !   !             | !   ! !   !       | !   ! !   !       |
| !   !   1     5   | !   ! !   !   9   | !   ! !   !   8   |
| !   !             | !   ! !   !       | !   ! !   !       |
| !...!             | !...! !...!       | !...! !...!       |
| .....       ..... | ..... ..... ..... | ..... ..... ..... |
| !   !       !   ! | !   ! !   ! !   ! | !   ! !   ! !   ! |
| !   !   6   !   ! | !   ! !   ! !   ! | !   ! !   ! !   ! |
| !   !       !   ! | !   ! !   ! !   ! | !   ! !   ! !   ! |
| !...!       !...! | !...! !...! !...! | !...! !...! !...! |
+-------------------+-------------------+-------------------+
|       ..... ..... | ..... .....       | ..... ..... ..... |
|       !   ! !   ! | !   ! !   !       | !   ! !   ! !   ! |
|   1   !   ! !   ! | !   ! !   !   7   | !   ! !   ! !   ! |
|       !   ! !   ! | !   ! !   !       | !   ! !   ! !   ! |
|       !...! !...! | !...! !...!       | !...! !...! !...! |
| ..... .....       | ..... ..... ..... |       ..... ..... |
| !   ! !   !       | !   ! !   ! !   ! |       !   ! !   ! |
| !   ! !   !   9   | !   ! !   ! !   ! |   2   !   ! !   ! |
| !   ! !   !       | !   ! !   ! !   ! |       !   ! !   ! |
| !...! !...!       | !...! !...! !...! |       !...! !...! |
| ..... ..... ..... |       ..... ..... | ..... .....       |
| !   ! !   ! !   ! |       !   ! !   ! | !   ! !   !       |
| !   ! !   ! !   ! |   5   !   ! !   ! | !   ! !   !   4   |
| !   ! !   ! !   ! |       !   ! !   ! | !   ! !   !       |
| !...! !...! !...! |       !...! !...! | !...! !...!       |
+-------------------+-------------------+-------------------+
| ..... ..... ..... | ..... ..... ..... | .....       ..... |
| !   ! !   ! !   ! | !   ! !   ! !   ! | !   !       !   ! |
| !   ! !   ! !   ! | !   ! !   ! !   ! | !   !   2   !   ! |
| !   ! !   ! !   ! | !   ! !   ! !   ! | !   !       !   ! |
| !...! !...! !...! | !...! !...! !...! | !...!       !...! |
|       ..... ..... |       ..... ..... |             ..... |
|       !   ! !   ! |       !   ! !   ! |             !   ! |
|   5   !   ! !   ! |   6   !   ! !   ! |   3     4   !   ! |
|       !   ! !   ! |       !   ! !   ! |             !   ! |
|       !...! !...! |       !...! !...! |             !...! |
|             ..... |       ..... ..... | ..... ..... ..... |
|             !   ! |       !   ! !   ! | !   ! !   ! !   ! |
|   3     4   !   ! |   2   !   ! !   ! | !   ! !   ! !   ! |
|             !   ! |       !   ! !   ! | !   ! !   ! !  9! |
|             !...! |       !...! !...! | !...! !...! !...! |
+-------------------+-------------------+-------------------+

(sudb) help step
Step for one or more moves.
Usage: step [INTEGER]

Argument INTEGER means to step at most INTEGER times; if the
solver becomes stuck or arrives at a breakpoint first, it
may stop earlier. If INTEGER is not given, 1 is assumed.
Regardless of any ambiguity, "s" may be used for "step".
(sudb) set width 0  # restore default
Width defaults restored.
(sudb) # test passing bad arguments
(sudb) # Undefined set command
(sudb) set madeup_set_command
Undefined set command: "madeup_set_command". Try "help set".
(sudb) # Argument must be integer
(sudb) set width x
Argument must be an integer.
(sudb) # Integer out of range
(sudb) set width -1
Integer -1 out of range.
(sudb) # One argument required
(sudb) set width
One argument required.
(sudb) quit
The puzzle has not been solved.
Quit anyway? (y or n) [assumed Y]
