Starting solver on puzzle with ID "test".

   MOVE 0
  ┌───────┬───────┬───────┐
[1;2m1 [00m│ 2 □ □ │ □ □ 9 │ □ 5 □ │
[1;2m2 [00m│ □ 5 □ │ □ □ 1 │ 4 □ □ │
[1;2m3 [00m│ □ 3 □ │ □ 2 6 │ □ 8 1 │
  ├───────┼───────┼───────┤
[1;2m4 [00m│ □ □ □ │ 4 8 □ │ □ □ □ │
[1;2m5 [00m│ 1 □ □ │ 2 □ □ │ □ □ 7 │
[1;2m6 [00m│ □ □ 8 │ □ 1 3 │ 9 □ □ │
  ├───────┼───────┼───────┤
[1;2m7 [00m│ 9 □ □ │ □ 3 □ │ 1 □ □ │
[1;2m8 [00m│ 7 □ □ │ □ □ □ │ □ □ 9 │
[1;2m9 [00m│ □ □ □ │ □ □ □ │ □ □ 6 │
  └───────┴───────┴───────┘
[1;2m    1 2 3   4 5 6   7 8 9[00m

(sudb) # test `checkpoint` and `info checkpoint`
(sudb) checkpoint moveno_0
Current state saved at "moveno_0".
(sudb) info checkpoint moveno_0
Check     	Move
"moveno_0"	0
(sudb) step 1

   MOVE 1
  ┌───────┬───────┬───────┐
[1;2m1 [00m│ 2 □ □ │ □ [1;34m4[00m 9 │ □ 5 □ │
[1;2m2 [00m│ □ 5 □ │ □ □ 1 │ 4 □ □ │
[1;2m3 [00m│ □ 3 □ │ □ 2 6 │ □ 8 1 │
  ├───────┼───────┼───────┤
[1;2m4 [00m│ □ □ □ │ 4 8 □ │ □ □ □ │
[1;2m5 [00m│ 1 □ □ │ 2 □ □ │ □ □ 7 │
[1;2m6 [00m│ □ □ 8 │ □ 1 3 │ 9 □ □ │
  ├───────┼───────┼───────┤
[1;2m7 [00m│ 9 □ □ │ □ 3 □ │ 1 □ □ │
[1;2m8 [00m│ 7 □ □ │ □ □ □ │ □ □ 9 │
[1;2m9 [00m│ □ □ □ │ □ □ □ │ □ □ 6 │
  └───────┴───────┴───────┘
[1;2m    1 2 3   4 5 6   7 8 9[00m

(sudb) checkpoint moveno_1a
Current state saved at "moveno_1a".
(sudb) info checkpoint moveno_1a
Check      	Move
"moveno_1a"	1
(sudb) checkpoint moveno_1b
Current state saved at "moveno_1b".
(sudb) info checkpoint moveno_1b
Check      	Move
"moveno_1b"	1
(sudb) step 2

   MOVE 2
  ┌───────┬───────┬───────┐
[1;2m1 [00m│ 2 □ □ │ □ 4 9 │ □ 5 [1;34m3[00m │
[1;2m2 [00m│ □ 5 □ │ □ □ 1 │ 4 □ □ │
[1;2m3 [00m│ □ 3 □ │ □ 2 6 │ □ 8 1 │
  ├───────┼───────┼───────┤
[1;2m4 [00m│ □ □ □ │ 4 8 □ │ □ □ □ │
[1;2m5 [00m│ 1 □ □ │ 2 □ □ │ □ □ 7 │
[1;2m6 [00m│ □ □ 8 │ □ 1 3 │ 9 □ □ │
  ├───────┼───────┼───────┤
[1;2m7 [00m│ 9 □ □ │ □ 3 □ │ 1 □ □ │
[1;2m8 [00m│ 7 □ □ │ □ □ □ │ □ □ 9 │
[1;2m9 [00m│ □ □ □ │ □ □ □ │ □ □ 6 │
  └───────┴───────┴───────┘
[1;2m    1 2 3   4 5 6   7 8 9[00m


   MOVE 3
  ┌───────┬───────┬───────┐
[1;2m1 [00m│ 2 □ □ │ □ 4 9 │ □ 5 3 │
[1;2m2 [00m│ □ 5 □ │ □ [1;34m7[00m 1 │ 4 □ □ │
[1;2m3 [00m│ □ 3 □ │ □ 2 6 │ □ 8 1 │
  ├───────┼───────┼───────┤
[1;2m4 [00m│ □ □ □ │ 4 8 □ │ □ □ □ │
[1;2m5 [00m│ 1 □ □ │ 2 □ □ │ □ □ 7 │
[1;2m6 [00m│ □ □ 8 │ □ 1 3 │ 9 □ □ │
  ├───────┼───────┼───────┤
[1;2m7 [00m│ 9 □ □ │ □ 3 □ │ 1 □ □ │
[1;2m8 [00m│ 7 □ □ │ □ □ □ │ □ □ 9 │
[1;2m9 [00m│ □ □ □ │ □ □ □ │ □ □ 6 │
  └───────┴───────┴───────┘
[1;2m    1 2 3   4 5 6   7 8 9[00m

(sudb) checkpoint moveno_3
Current state saved at "moveno_3".
(sudb) info checkpoint moveno_3
Check     	Move
"moveno_3"	3
(sudb) step 4

   MOVE 4
  ┌───────┬───────┬───────┐
[1;2m1 [00m│ 2 □ □ │ [1;34m8[00m 4 9 │ □ 5 3 │
[1;2m2 [00m│ □ 5 □ │ □ 7 1 │ 4 □ □ │
[1;2m3 [00m│ □ 3 □ │ □ 2 6 │ □ 8 1 │
  ├───────┼───────┼───────┤
[1;2m4 [00m│ □ □ □ │ 4 8 □ │ □ □ □ │
[1;2m5 [00m│ 1 □ □ │ 2 □ □ │ □ □ 7 │
[1;2m6 [00m│ □ □ 8 │ □ 1 3 │ 9 □ □ │
  ├───────┼───────┼───────┤
[1;2m7 [00m│ 9 □ □ │ □ 3 □ │ 1 □ □ │
[1;2m8 [00m│ 7 □ □ │ □ □ □ │ □ □ 9 │
[1;2m9 [00m│ □ □ □ │ □ □ □ │ □ □ 6 │
  └───────┴───────┴───────┘
[1;2m    1 2 3   4 5 6   7 8 9[00m


   MOVE 5
  ┌───────┬───────┬───────┐
[1;2m1 [00m│ 2 □ □ │ 8 4 9 │ □ 5 3 │
[1;2m2 [00m│ □ 5 □ │ [1;34m3[00m 7 1 │ 4 □ □ │
[1;2m3 [00m│ □ 3 □ │ □ 2 6 │ □ 8 1 │
  ├───────┼───────┼───────┤
[1;2m4 [00m│ □ □ □ │ 4 8 □ │ □ □ □ │
[1;2m5 [00m│ 1 □ □ │ 2 □ □ │ □ □ 7 │
[1;2m6 [00m│ □ □ 8 │ □ 1 3 │ 9 □ □ │
  ├───────┼───────┼───────┤
[1;2m7 [00m│ 9 □ □ │ □ 3 □ │ 1 □ □ │
[1;2m8 [00m│ 7 □ □ │ □ □ □ │ □ □ 9 │
[1;2m9 [00m│ □ □ □ │ □ □ □ │ □ □ 6 │
  └───────┴───────┴───────┘
[1;2m    1 2 3   4 5 6   7 8 9[00m


   MOVE 6
  ┌───────┬───────┬───────┐
[1;2m1 [00m│ 2 □ □ │ 8 4 9 │ □ 5 3 │
[1;2m2 [00m│ [1;34m8[00m 5 □ │ 3 7 1 │ 4 □ □ │
[1;2m3 [00m│ □ 3 □ │ □ 2 6 │ □ 8 1 │
  ├───────┼───────┼───────┤
[1;2m4 [00m│ □ □ □ │ 4 8 □ │ □ □ □ │
[1;2m5 [00m│ 1 □ □ │ 2 □ □ │ □ □ 7 │
[1;2m6 [00m│ □ □ 8 │ □ 1 3 │ 9 □ □ │
  ├───────┼───────┼───────┤
[1;2m7 [00m│ 9 □ □ │ □ 3 □ │ 1 □ □ │
[1;2m8 [00m│ 7 □ □ │ □ □ □ │ □ □ 9 │
[1;2m9 [00m│ □ □ □ │ □ □ □ │ □ □ 6 │
  └───────┴───────┴───────┘
[1;2m    1 2 3   4 5 6   7 8 9[00m


   MOVE 7
  ┌───────┬───────┬───────┐
[1;2m1 [00m│ 2 □ □ │ 8 4 9 │ □ 5 3 │
[1;2m2 [00m│ 8 5 □ │ 3 7 1 │ 4 [1;34m9[00m □ │
[1;2m3 [00m│ □ 3 □ │ □ 2 6 │ □ 8 1 │
  ├───────┼───────┼───────┤
[1;2m4 [00m│ □ □ □ │ 4 8 □ │ □ □ □ │
[1;2m5 [00m│ 1 □ □ │ 2 □ □ │ □ □ 7 │
[1;2m6 [00m│ □ □ 8 │ □ 1 3 │ 9 □ □ │
  ├───────┼───────┼───────┤
[1;2m7 [00m│ 9 □ □ │ □ 3 □ │ 1 □ □ │
[1;2m8 [00m│ 7 □ □ │ □ □ □ │ □ □ 9 │
[1;2m9 [00m│ □ □ □ │ □ □ □ │ □ □ 6 │
  └───────┴───────┴───────┘
[1;2m    1 2 3   4 5 6   7 8 9[00m

(sudb) checkpoint moveno_7
Current state saved at "moveno_7".
(sudb) info checkpoint moveno_7
Check     	Move
"moveno_7"	7
(sudb) # test `print checkpoint` and `restart`
(sudb) print checkpoint moveno_0

   MOVE 0 (differences)
  ┌───────┬───────┬───────┐
[1;2m1 [00m│ 2 □ □ │ [1;33m□[00m [1;33m□[00m 9 │ □ 5 [1;33m□[00m │
[1;2m2 [00m│ [1;33m□[00m 5 □ │ [1;33m□[00m [1;33m□[00m 1 │ 4 [1;33m□[00m □ │
[1;2m3 [00m│ □ 3 □ │ □ 2 6 │ □ 8 1 │
  ├───────┼───────┼───────┤
[1;2m4 [00m│ □ □ □ │ 4 8 □ │ □ □ □ │
[1;2m5 [00m│ 1 □ □ │ 2 □ □ │ □ □ 7 │
[1;2m6 [00m│ □ □ 8 │ □ 1 3 │ 9 □ □ │
  ├───────┼───────┼───────┤
[1;2m7 [00m│ 9 □ □ │ □ 3 □ │ 1 □ □ │
[1;2m8 [00m│ 7 □ □ │ □ □ □ │ □ □ 9 │
[1;2m9 [00m│ □ □ □ │ □ □ □ │ □ □ 6 │
  └───────┴───────┴───────┘
[1;2m    1 2 3   4 5 6   7 8 9[00m

(sudb) restart moveno_0

   MOVE 0 (corrected)
  ┌───────┬───────┬───────┐
[1;2m1 [00m│ 2 □ □ │ [1;31m□[00m [1;31m□[00m 9 │ □ 5 [1;31m□[00m │
[1;2m2 [00m│ [1;31m□[00m 5 □ │ [1;31m□[00m [1;31m□[00m 1 │ 4 [1;31m□[00m □ │
[1;2m3 [00m│ □ 3 □ │ □ 2 6 │ □ 8 1 │
  ├───────┼───────┼───────┤
[1;2m4 [00m│ □ □ □ │ 4 8 □ │ □ □ □ │
[1;2m5 [00m│ 1 □ □ │ 2 □ □ │ □ □ 7 │
[1;2m6 [00m│ □ □ 8 │ □ 1 3 │ 9 □ □ │
  ├───────┼───────┼───────┤
[1;2m7 [00m│ 9 □ □ │ □ 3 □ │ 1 □ □ │
[1;2m8 [00m│ 7 □ □ │ □ □ □ │ □ □ 9 │
[1;2m9 [00m│ □ □ □ │ □ □ □ │ □ □ 6 │
  └───────┴───────┴───────┘
[1;2m    1 2 3   4 5 6   7 8 9[00m

(sudb) print checkpoint moveno_1a

   MOVE 1 (differences)
  ┌───────┬───────┬───────┐
[1;2m1 [00m│ 2 □ □ │ □ [1;33m4[00m 9 │ □ 5 □ │
[1;2m2 [00m│ □ 5 □ │ □ □ 1 │ 4 □ □ │
[1;2m3 [00m│ □ 3 □ │ □ 2 6 │ □ 8 1 │
  ├───────┼───────┼───────┤
[1;2m4 [00m│ □ □ □ │ 4 8 □ │ □ □ □ │
[1;2m5 [00m│ 1 □ □ │ 2 □ □ │ □ □ 7 │
[1;2m6 [00m│ □ □ 8 │ □ 1 3 │ 9 □ □ │
  ├───────┼───────┼───────┤
[1;2m7 [00m│ 9 □ □ │ □ 3 □ │ 1 □ □ │
[1;2m8 [00m│ 7 □ □ │ □ □ □ │ □ □ 9 │
[1;2m9 [00m│ □ □ □ │ □ □ □ │ □ □ 6 │
  └───────┴───────┴───────┘
[1;2m    1 2 3   4 5 6   7 8 9[00m

(sudb) restart moveno_1a

   MOVE 1 (corrected)
  ┌───────┬───────┬───────┐
[1;2m1 [00m│ 2 □ □ │ □ [1;31m4[00m 9 │ □ 5 □ │
[1;2m2 [00m│ □ 5 □ │ □ □ 1 │ 4 □ □ │
[1;2m3 [00m│ □ 3 □ │ □ 2 6 │ □ 8 1 │
  ├───────┼───────┼───────┤
[1;2m4 [00m│ □ □ □ │ 4 8 □ │ □ □ □ │
[1;2m5 [00m│ 1 □ □ │ 2 □ □ │ □ □ 7 │
[1;2m6 [00m│ □ □ 8 │ □ 1 3 │ 9 □ □ │
  ├───────┼───────┼───────┤
[1;2m7 [00m│ 9 □ □ │ □ 3 □ │ 1 □ □ │
[1;2m8 [00m│ 7 □ □ │ □ □ □ │ □ □ 9 │
[1;2m9 [00m│ □ □ □ │ □ □ □ │ □ □ 6 │
  └───────┴───────┴───────┘
[1;2m    1 2 3   4 5 6   7 8 9[00m

(sudb) print checkpoint moveno_1b

   MOVE 1
  ┌───────┬───────┬───────┐
[1;2m1 [00m│ 2 □ □ │ □ 4 9 │ □ 5 □ │
[1;2m2 [00m│ □ 5 □ │ □ □ 1 │ 4 □ □ │
[1;2m3 [00m│ □ 3 □ │ □ 2 6 │ □ 8 1 │
  ├───────┼───────┼───────┤
[1;2m4 [00m│ □ □ □ │ 4 8 □ │ □ □ □ │
[1;2m5 [00m│ 1 □ □ │ 2 □ □ │ □ □ 7 │
[1;2m6 [00m│ □ □ 8 │ □ 1 3 │ 9 □ □ │
  ├───────┼───────┼───────┤
[1;2m7 [00m│ 9 □ □ │ □ 3 □ │ 1 □ □ │
[1;2m8 [00m│ 7 □ □ │ □ □ □ │ □ □ 9 │
[1;2m9 [00m│ □ □ □ │ □ □ □ │ □ □ 6 │
  └───────┴───────┴───────┘
[1;2m    1 2 3   4 5 6   7 8 9[00m

(sudb) restart moveno_1b

   MOVE 1
  ┌───────┬───────┬───────┐
[1;2m1 [00m│ 2 □ □ │ □ 4 9 │ □ 5 □ │
[1;2m2 [00m│ □ 5 □ │ □ □ 1 │ 4 □ □ │
[1;2m3 [00m│ □ 3 □ │ □ 2 6 │ □ 8 1 │
  ├───────┼───────┼───────┤
[1;2m4 [00m│ □ □ □ │ 4 8 □ │ □ □ □ │
[1;2m5 [00m│ 1 □ □ │ 2 □ □ │ □ □ 7 │
[1;2m6 [00m│ □ □ 8 │ □ 1 3 │ 9 □ □ │
  ├───────┼───────┼───────┤
[1;2m7 [00m│ 9 □ □ │ □ 3 □ │ 1 □ □ │
[1;2m8 [00m│ 7 □ □ │ □ □ □ │ □ □ 9 │
[1;2m9 [00m│ □ □ □ │ □ □ □ │ □ □ 6 │
  └───────┴───────┴───────┘
[1;2m    1 2 3   4 5 6   7 8 9[00m

(sudb) print checkpoint moveno_3

   MOVE 3 (differences)
  ┌───────┬───────┬───────┐
[1;2m1 [00m│ 2 □ □ │ □ 4 9 │ □ 5 [1;33m3[00m │
[1;2m2 [00m│ □ 5 □ │ □ [1;33m7[00m 1 │ 4 □ □ │
[1;2m3 [00m│ □ 3 □ │ □ 2 6 │ □ 8 1 │
  ├───────┼───────┼───────┤
[1;2m4 [00m│ □ □ □ │ 4 8 □ │ □ □ □ │
[1;2m5 [00m│ 1 □ □ │ 2 □ □ │ □ □ 7 │
[1;2m6 [00m│ □ □ 8 │ □ 1 3 │ 9 □ □ │
  ├───────┼───────┼───────┤
[1;2m7 [00m│ 9 □ □ │ □ 3 □ │ 1 □ □ │
[1;2m8 [00m│ 7 □ □ │ □ □ □ │ □ □ 9 │
[1;2m9 [00m│ □ □ □ │ □ □ □ │ □ □ 6 │
  └───────┴───────┴───────┘
[1;2m    1 2 3   4 5 6   7 8 9[00m

(sudb) restart moveno_3

   MOVE 3 (corrected)
  ┌───────┬───────┬───────┐
[1;2m1 [00m│ 2 □ □ │ □ 4 9 │ □ 5 [1;31m3[00m │
[1;2m2 [00m│ □ 5 □ │ □ [1;31m7[00m 1 │ 4 □ □ │
[1;2m3 [00m│ □ 3 □ │ □ 2 6 │ □ 8 1 │
  ├───────┼───────┼───────┤
[1;2m4 [00m│ □ □ □ │ 4 8 □ │ □ □ □ │
[1;2m5 [00m│ 1 □ □ │ 2 □ □ │ □ □ 7 │
[1;2m6 [00m│ □ □ 8 │ □ 1 3 │ 9 □ □ │
  ├───────┼───────┼───────┤
[1;2m7 [00m│ 9 □ □ │ □ 3 □ │ 1 □ □ │
[1;2m8 [00m│ 7 □ □ │ □ □ □ │ □ □ 9 │
[1;2m9 [00m│ □ □ □ │ □ □ □ │ □ □ 6 │
  └───────┴───────┴───────┘
[1;2m    1 2 3   4 5 6   7 8 9[00m

(sudb) print checkpoint moveno_7

   MOVE 7 (differences)
  ┌───────┬───────┬───────┐
[1;2m1 [00m│ 2 □ □ │ [1;33m8[00m 4 9 │ □ 5 3 │
[1;2m2 [00m│ [1;33m8[00m 5 □ │ [1;33m3[00m 7 1 │ 4 [1;33m9[00m □ │
[1;2m3 [00m│ □ 3 □ │ □ 2 6 │ □ 8 1 │
  ├───────┼───────┼───────┤
[1;2m4 [00m│ □ □ □ │ 4 8 □ │ □ □ □ │
[1;2m5 [00m│ 1 □ □ │ 2 □ □ │ □ □ 7 │
[1;2m6 [00m│ □ □ 8 │ □ 1 3 │ 9 □ □ │
  ├───────┼───────┼───────┤
[1;2m7 [00m│ 9 □ □ │ □ 3 □ │ 1 □ □ │
[1;2m8 [00m│ 7 □ □ │ □ □ □ │ □ □ 9 │
[1;2m9 [00m│ □ □ □ │ □ □ □ │ □ □ 6 │
  └───────┴───────┴───────┘
[1;2m    1 2 3   4 5 6   7 8 9[00m

(sudb) restart moveno_7

   MOVE 7 (corrected)
  ┌───────┬───────┬───────┐
[1;2m1 [00m│ 2 □ □ │ [1;31m8[00m 4 9 │ □ 5 3 │
[1;2m2 [00m│ [1;31m8[00m 5 □ │ [1;31m3[00m 7 1 │ 4 [1;31m9[00m □ │
[1;2m3 [00m│ □ 3 □ │ □ 2 6 │ □ 8 1 │
  ├───────┼───────┼───────┤
[1;2m4 [00m│ □ □ □ │ 4 8 □ │ □ □ □ │
[1;2m5 [00m│ 1 □ □ │ 2 □ □ │ □ □ 7 │
[1;2m6 [00m│ □ □ 8 │ □ 1 3 │ 9 □ □ │
  ├───────┼───────┼───────┤
[1;2m7 [00m│ 9 □ □ │ □ 3 □ │ 1 □ □ │
[1;2m8 [00m│ 7 □ □ │ □ □ □ │ □ □ 9 │
[1;2m9 [00m│ □ □ □ │ □ □ □ │ □ □ 6 │
  └───────┴───────┴───────┘
[1;2m    1 2 3   4 5 6   7 8 9[00m

(sudb) # test redefining a checkpoint
(sudb) step

   MOVE 8
  ┌───────┬───────┬───────┐
[1;2m1 [00m│ 2 □ □ │ 8 4 9 │ [1;34m6[00m 5 3 │
[1;2m2 [00m│ 8 5 □ │ 3 7 1 │ 4 9 □ │
[1;2m3 [00m│ □ 3 □ │ □ 2 6 │ □ 8 1 │
  ├───────┼───────┼───────┤
[1;2m4 [00m│ □ □ □ │ 4 8 □ │ □ □ □ │
[1;2m5 [00m│ 1 □ □ │ 2 □ □ │ □ □ 7 │
[1;2m6 [00m│ □ □ 8 │ □ 1 3 │ 9 □ □ │
  ├───────┼───────┼───────┤
[1;2m7 [00m│ 9 □ □ │ □ 3 □ │ 1 □ □ │
[1;2m8 [00m│ 7 □ □ │ □ □ □ │ □ □ 9 │
[1;2m9 [00m│ □ □ □ │ □ □ □ │ □ □ 6 │
  └───────┴───────┴───────┘
[1;2m    1 2 3   4 5 6   7 8 9[00m

(sudb) checkpoint moveno_7
Note: redefined from checkpoint at move 7.
Current state saved at "moveno_7".
(sudb) # test `delete checkpoint`
(sudb) info checkpoint
Check      	Move
"moveno_0" 	0
"moveno_1a"	1
"moveno_1b"	1
"moveno_3" 	3
"moveno_7" 	8
(sudb) delete checkpoint moveno_0
Deleted 1 checkpoint.
(sudb) info checkpoint
Check      	Move
"moveno_1a"	1
"moveno_1b"	1
"moveno_3" 	3
"moveno_7" 	8
(sudb) delete checkpoint moveno_1a
Deleted 1 checkpoint.
(sudb) info checkpoint
Check      	Move
"moveno_1b"	1
"moveno_3" 	3
"moveno_7" 	8
(sudb) delete checkpoint moveno_1b
Deleted 1 checkpoint.
(sudb) info checkpoint
Check     	Move
"moveno_3"	3
"moveno_7"	8
(sudb) delete checkpoint moveno_3
Deleted 1 checkpoint.
(sudb) info checkpoint
Check     	Move
"moveno_7"	8
(sudb) delete checkpoint moveno_7
Deleted 1 checkpoint.
(sudb) info checkpoint
No matching checkpoints.
(sudb) # try deleting when no checkpoints left
(sudb) delete checkpoint
No checkpoints to delete.
(sudb) # try deleting multiple checkpoints at once
(sudb) checkpoint multidel_1
Current state saved at "multidel_1".
(sudb) checkpoint multidel_2
Current state saved at "multidel_2".
(sudb) checkpoint multidel_3
Current state saved at "multidel_3".
(sudb) info checkpoint
Check       	Move
"multidel_1"	8
"multidel_2"	8
"multidel_3"	8
(sudb) delete checkpoint multidel_1 multidel_2 multidel_3
Deleted 3 checkpoints.
(sudb) info checkpoint
No matching checkpoints.
(sudb) # test special arguments
(sudb) # try using argument ""
(sudb) checkpoint 
Current state saved at "8".
(sudb) info checkpoint 
Check	Move
"8"  	8
(sudb) print checkpoint 
Checkpoint not given.
(sudb) restart 
The puzzle is beyond its original state.
Restart anyway? (y or n) [assumed Y]

   MOVE 0 (corrected)
  ┌───────┬───────┬───────┐
[1;2m1 [00m│ 2 □ □ │ [1;31m□[00m [1;31m□[00m 9 │ [1;31m□[00m 5 [1;31m□[00m │
[1;2m2 [00m│ [1;31m□[00m 5 □ │ [1;31m□[00m [1;31m□[00m 1 │ 4 [1;31m□[00m □ │
[1;2m3 [00m│ □ 3 □ │ □ 2 6 │ □ 8 1 │
  ├───────┼───────┼───────┤
[1;2m4 [00m│ □ □ □ │ 4 8 □ │ □ □ □ │
[1;2m5 [00m│ 1 □ □ │ 2 □ □ │ □ □ 7 │
[1;2m6 [00m│ □ □ 8 │ □ 1 3 │ 9 □ □ │
  ├───────┼───────┼───────┤
[1;2m7 [00m│ 9 □ □ │ □ 3 □ │ 1 □ □ │
[1;2m8 [00m│ 7 □ □ │ □ □ □ │ □ □ 9 │
[1;2m9 [00m│ □ □ □ │ □ □ □ │ □ □ 6 │
  └───────┴───────┴───────┘
[1;2m    1 2 3   4 5 6   7 8 9[00m

(sudb) delete checkpoint 
Delete all checkpoints? (y or n) [assumed Y]
(sudb) # try using argument "fake_label"
(sudb) info checkpoint fake_label
No matching checkpoints.
(sudb) print checkpoint fake_label
No checkpoint matching "fake_label".
(sudb) restart fake_label
No state mapped to that checkpoint.
(sudb) delete checkpoint fake_label
No matching checkpoints.
(sudb) # try using argument "multi-word label"
(sudb) checkpoint multi-word label
Current state saved at "multi-word".
(sudb) info checkpoint multi-word label
Check       	Move
"multi-word"	0
No checkpoint matching "label".
(sudb) print checkpoint multi-word label

   MOVE 0
  ┌───────┬───────┬───────┐
[1;2m1 [00m│ 2 □ □ │ □ □ 9 │ □ 5 □ │
[1;2m2 [00m│ □ 5 □ │ □ □ 1 │ 4 □ □ │
[1;2m3 [00m│ □ 3 □ │ □ 2 6 │ □ 8 1 │
  ├───────┼───────┼───────┤
[1;2m4 [00m│ □ □ □ │ 4 8 □ │ □ □ □ │
[1;2m5 [00m│ 1 □ □ │ 2 □ □ │ □ □ 7 │
[1;2m6 [00m│ □ □ 8 │ □ 1 3 │ 9 □ □ │
  ├───────┼───────┼───────┤
[1;2m7 [00m│ 9 □ □ │ □ 3 □ │ 1 □ □ │
[1;2m8 [00m│ 7 □ □ │ □ □ □ │ □ □ 9 │
[1;2m9 [00m│ □ □ □ │ □ □ □ │ □ □ 6 │
  └───────┴───────┴───────┘
[1;2m    1 2 3   4 5 6   7 8 9[00m

(sudb) restart multi-word label

   MOVE 0
  ┌───────┬───────┬───────┐
[1;2m1 [00m│ 2 □ □ │ □ □ 9 │ □ 5 □ │
[1;2m2 [00m│ □ 5 □ │ □ □ 1 │ 4 □ □ │
[1;2m3 [00m│ □ 3 □ │ □ 2 6 │ □ 8 1 │
  ├───────┼───────┼───────┤
[1;2m4 [00m│ □ □ □ │ 4 8 □ │ □ □ □ │
[1;2m5 [00m│ 1 □ □ │ 2 □ □ │ □ □ 7 │
[1;2m6 [00m│ □ □ 8 │ □ 1 3 │ 9 □ □ │
  ├───────┼───────┼───────┤
[1;2m7 [00m│ 9 □ □ │ □ 3 □ │ 1 □ □ │
[1;2m8 [00m│ 7 □ □ │ □ □ □ │ □ □ 9 │
[1;2m9 [00m│ □ □ □ │ □ □ □ │ □ □ 6 │
  └───────┴───────┴───────┘
[1;2m    1 2 3   4 5 6   7 8 9[00m

(sudb) delete checkpoint multi-word label
Deleted 1 checkpoint.
No checkpoint matching "label".
(sudb) quit
The puzzle has not been solved.
Quit anyway? (y or n) [assumed Y]
