Starting solver on puzzle with ID "test".

   MOVE 0
  ┌───────┬───────┬───────┐
[1;2m1 [00m│ 2 □ □ │ □ □ 9 │ □ 5 □ │
[1;2m2 [00m│ □ 5 □ │ □ □ 1 │ 4 □ □ │
[1;2m3 [00m│ □ 3 □ │ □ 2 6 │ □ 8 1 │
  ├───────┼───────┼───────┤
[1;2m4 [00m│ □ □ □ │ 4 8 □ │ □ □ □ │
[1;2m5 [00m│ 1 □ □ │ 2 □ □ │ □ □ 7 │
[1;2m6 [00m│ □ □ 8 │ □ 1 3 │ 9 □ □ │
  ├───────┼───────┼───────┤
[1;2m7 [00m│ 9 □ □ │ □ 3 □ │ 1 □ □ │
[1;2m8 [00m│ 7 □ □ │ □ □ □ │ □ □ 9 │
[1;2m9 [00m│ □ □ □ │ □ □ □ │ □ □ 6 │
  └───────┴───────┴───────┘
[1;2m    1 2 3   4 5 6   7 8 9[00m

(sudb) # test `step` variants
(sudb) # try to deduce 4 at (1, 5)
(sudb) stepr 1

   MOVE 1
  ┌───────┬───────┬───────┐
[1;2m1 [00m│ 2 □ □ │ □ [1;34m4[00m 9 │ □ 5 □ │
[1;2m2 [00m│ □ 5 □ │ □ □ 1 │ 4 □ □ │
[1;2m3 [00m│ □ 3 □ │ □ 2 6 │ □ 8 1 │
  ├───────┼───────┼───────┤
[1;2m4 [00m│ □ □ □ │ 4 8 □ │ □ □ □ │
[1;2m5 [00m│ 1 □ □ │ 2 □ □ │ □ □ 7 │
[1;2m6 [00m│ □ □ 8 │ □ 1 3 │ 9 □ □ │
  ├───────┼───────┼───────┤
[1;2m7 [00m│ 9 □ □ │ □ 3 □ │ 1 □ □ │
[1;2m8 [00m│ 7 □ □ │ □ □ □ │ □ □ 9 │
[1;2m9 [00m│ □ □ □ │ □ □ □ │ □ □ 6 │
  └───────┴───────┴───────┘
[1;2m    1 2 3   4 5 6   7 8 9[00m

(sudb) unstep

   MOVE 0 (corrected)
  ┌───────┬───────┬───────┐
[1;2m1 [00m│ 2 □ □ │ □ [1;31m□[00m 9 │ □ 5 □ │
[1;2m2 [00m│ □ 5 □ │ □ □ 1 │ 4 □ □ │
[1;2m3 [00m│ □ 3 □ │ □ 2 6 │ □ 8 1 │
  ├───────┼───────┼───────┤
[1;2m4 [00m│ □ □ □ │ 4 8 □ │ □ □ □ │
[1;2m5 [00m│ 1 □ □ │ 2 □ □ │ □ □ 7 │
[1;2m6 [00m│ □ □ 8 │ □ 1 3 │ 9 □ □ │
  ├───────┼───────┼───────┤
[1;2m7 [00m│ 9 □ □ │ □ 3 □ │ 1 □ □ │
[1;2m8 [00m│ 7 □ □ │ □ □ □ │ □ □ 9 │
[1;2m9 [00m│ □ □ □ │ □ □ □ │ □ □ 6 │
  └───────┴───────┴───────┘
[1;2m    1 2 3   4 5 6   7 8 9[00m

(sudb) stepc 5

   MOVE 1
  ┌───────┬───────┬───────┐
[1;2m1 [00m│ 2 □ □ │ □ [1;34m4[00m 9 │ □ 5 □ │
[1;2m2 [00m│ □ 5 □ │ □ □ 1 │ 4 □ □ │
[1;2m3 [00m│ □ 3 □ │ □ 2 6 │ □ 8 1 │
  ├───────┼───────┼───────┤
[1;2m4 [00m│ □ □ □ │ 4 8 □ │ □ □ □ │
[1;2m5 [00m│ 1 □ □ │ 2 □ □ │ □ □ 7 │
[1;2m6 [00m│ □ □ 8 │ □ 1 3 │ 9 □ □ │
  ├───────┼───────┼───────┤
[1;2m7 [00m│ 9 □ □ │ □ 3 □ │ 1 □ □ │
[1;2m8 [00m│ 7 □ □ │ □ □ □ │ □ □ 9 │
[1;2m9 [00m│ □ □ □ │ □ □ □ │ □ □ 6 │
  └───────┴───────┴───────┘
[1;2m    1 2 3   4 5 6   7 8 9[00m

(sudb) unstep

   MOVE 0 (corrected)
  ┌───────┬───────┬───────┐
[1;2m1 [00m│ 2 □ □ │ □ [1;31m□[00m 9 │ □ 5 □ │
[1;2m2 [00m│ □ 5 □ │ □ □ 1 │ 4 □ □ │
[1;2m3 [00m│ □ 3 □ │ □ 2 6 │ □ 8 1 │
  ├───────┼───────┼───────┤
[1;2m4 [00m│ □ □ □ │ 4 8 □ │ □ □ □ │
[1;2m5 [00m│ 1 □ □ │ 2 □ □ │ □ □ 7 │
[1;2m6 [00m│ □ □ 8 │ □ 1 3 │ 9 □ □ │
  ├───────┼───────┼───────┤
[1;2m7 [00m│ 9 □ □ │ □ 3 □ │ 1 □ □ │
[1;2m8 [00m│ 7 □ □ │ □ □ □ │ □ □ 9 │
[1;2m9 [00m│ □ □ □ │ □ □ □ │ □ □ 6 │
  └───────┴───────┴───────┘
[1;2m    1 2 3   4 5 6   7 8 9[00m

(sudb) stepb 2

   MOVE 1
  ┌───────┬───────┬───────┐
[1;2m1 [00m│ 2 □ □ │ □ [1;34m4[00m 9 │ □ 5 □ │
[1;2m2 [00m│ □ 5 □ │ □ □ 1 │ 4 □ □ │
[1;2m3 [00m│ □ 3 □ │ □ 2 6 │ □ 8 1 │
  ├───────┼───────┼───────┤
[1;2m4 [00m│ □ □ □ │ 4 8 □ │ □ □ □ │
[1;2m5 [00m│ 1 □ □ │ 2 □ □ │ □ □ 7 │
[1;2m6 [00m│ □ □ 8 │ □ 1 3 │ 9 □ □ │
  ├───────┼───────┼───────┤
[1;2m7 [00m│ 9 □ □ │ □ 3 □ │ 1 □ □ │
[1;2m8 [00m│ 7 □ □ │ □ □ □ │ □ □ 9 │
[1;2m9 [00m│ □ □ □ │ □ □ □ │ □ □ 6 │
  └───────┴───────┴───────┘
[1;2m    1 2 3   4 5 6   7 8 9[00m

(sudb) unstep

   MOVE 0 (corrected)
  ┌───────┬───────┬───────┐
[1;2m1 [00m│ 2 □ □ │ □ [1;31m□[00m 9 │ □ 5 □ │
[1;2m2 [00m│ □ 5 □ │ □ □ 1 │ 4 □ □ │
[1;2m3 [00m│ □ 3 □ │ □ 2 6 │ □ 8 1 │
  ├───────┼───────┼───────┤
[1;2m4 [00m│ □ □ □ │ 4 8 □ │ □ □ □ │
[1;2m5 [00m│ 1 □ □ │ 2 □ □ │ □ □ 7 │
[1;2m6 [00m│ □ □ 8 │ □ 1 3 │ 9 □ □ │
  ├───────┼───────┼───────┤
[1;2m7 [00m│ 9 □ □ │ □ 3 □ │ 1 □ □ │
[1;2m8 [00m│ 7 □ □ │ □ □ □ │ □ □ 9 │
[1;2m9 [00m│ □ □ □ │ □ □ □ │ □ □ 6 │
  └───────┴───────┴───────┘
[1;2m    1 2 3   4 5 6   7 8 9[00m

(sudb) # set 4 at (1, 5) manually
(sudb) stepm 1 5 4

   MOVE 1 (manual)
  ┌───────┬───────┬───────┐
[1;2m1 [00m│ 2 □ □ │ □ [1;36m4[00m 9 │ □ 5 □ │
[1;2m2 [00m│ □ 5 □ │ □ □ 1 │ 4 □ □ │
[1;2m3 [00m│ □ 3 □ │ □ 2 6 │ □ 8 1 │
  ├───────┼───────┼───────┤
[1;2m4 [00m│ □ □ □ │ 4 8 □ │ □ □ □ │
[1;2m5 [00m│ 1 □ □ │ 2 □ □ │ □ □ 7 │
[1;2m6 [00m│ □ □ 8 │ □ 1 3 │ 9 □ □ │
  ├───────┼───────┼───────┤
[1;2m7 [00m│ 9 □ □ │ □ 3 □ │ 1 □ □ │
[1;2m8 [00m│ 7 □ □ │ □ □ □ │ □ □ 9 │
[1;2m9 [00m│ □ □ □ │ □ □ □ │ □ □ 6 │
  └───────┴───────┴───────┘
[1;2m    1 2 3   4 5 6   7 8 9[00m

(sudb) unstep

   MOVE 0 (corrected)
  ┌───────┬───────┬───────┐
[1;2m1 [00m│ 2 □ □ │ □ [1;31m□[00m 9 │ □ 5 □ │
[1;2m2 [00m│ □ 5 □ │ □ □ 1 │ 4 □ □ │
[1;2m3 [00m│ □ 3 □ │ □ 2 6 │ □ 8 1 │
  ├───────┼───────┼───────┤
[1;2m4 [00m│ □ □ □ │ 4 8 □ │ □ □ □ │
[1;2m5 [00m│ 1 □ □ │ 2 □ □ │ □ □ 7 │
[1;2m6 [00m│ □ □ 8 │ □ 1 3 │ 9 □ □ │
  ├───────┼───────┼───────┤
[1;2m7 [00m│ 9 □ □ │ □ 3 □ │ 1 □ □ │
[1;2m8 [00m│ 7 □ □ │ □ □ □ │ □ □ 9 │
[1;2m9 [00m│ □ □ □ │ □ □ □ │ □ □ 6 │
  └───────┴───────┴───────┘
[1;2m    1 2 3   4 5 6   7 8 9[00m

(sudb) # using `stepm` ROW COL NUM alias
(sudb) 154

   MOVE 1 (manual)
  ┌───────┬───────┬───────┐
[1;2m1 [00m│ 2 □ □ │ □ [1;36m4[00m 9 │ □ 5 □ │
[1;2m2 [00m│ □ 5 □ │ □ □ 1 │ 4 □ □ │
[1;2m3 [00m│ □ 3 □ │ □ 2 6 │ □ 8 1 │
  ├───────┼───────┼───────┤
[1;2m4 [00m│ □ □ □ │ 4 8 □ │ □ □ □ │
[1;2m5 [00m│ 1 □ □ │ 2 □ □ │ □ □ 7 │
[1;2m6 [00m│ □ □ 8 │ □ 1 3 │ 9 □ □ │
  ├───────┼───────┼───────┤
[1;2m7 [00m│ 9 □ □ │ □ 3 □ │ 1 □ □ │
[1;2m8 [00m│ 7 □ □ │ □ □ □ │ □ □ 9 │
[1;2m9 [00m│ □ □ □ │ □ □ □ │ □ □ 6 │
  └───────┴───────┴───────┘
[1;2m    1 2 3   4 5 6   7 8 9[00m

(sudb) unstep

   MOVE 0 (corrected)
  ┌───────┬───────┬───────┐
[1;2m1 [00m│ 2 □ □ │ □ [1;31m□[00m 9 │ □ 5 □ │
[1;2m2 [00m│ □ 5 □ │ □ □ 1 │ 4 □ □ │
[1;2m3 [00m│ □ 3 □ │ □ 2 6 │ □ 8 1 │
  ├───────┼───────┼───────┤
[1;2m4 [00m│ □ □ □ │ 4 8 □ │ □ □ □ │
[1;2m5 [00m│ 1 □ □ │ 2 □ □ │ □ □ 7 │
[1;2m6 [00m│ □ □ 8 │ □ 1 3 │ 9 □ □ │
  ├───────┼───────┼───────┤
[1;2m7 [00m│ 9 □ □ │ □ 3 □ │ 1 □ □ │
[1;2m8 [00m│ 7 □ □ │ □ □ □ │ □ □ 9 │
[1;2m9 [00m│ □ □ □ │ □ □ □ │ □ □ 6 │
  └───────┴───────┴───────┘
[1;2m    1 2 3   4 5 6   7 8 9[00m

(sudb) # try to deduce 3 at (1, 9)
(sudb) sr 1

   MOVE 1
  ┌───────┬───────┬───────┐
[1;2m1 [00m│ 2 □ □ │ □ [1;34m4[00m 9 │ □ 5 □ │
[1;2m2 [00m│ □ 5 □ │ □ □ 1 │ 4 □ □ │
[1;2m3 [00m│ □ 3 □ │ □ 2 6 │ □ 8 1 │
  ├───────┼───────┼───────┤
[1;2m4 [00m│ □ □ □ │ 4 8 □ │ □ □ □ │
[1;2m5 [00m│ 1 □ □ │ 2 □ □ │ □ □ 7 │
[1;2m6 [00m│ □ □ 8 │ □ 1 3 │ 9 □ □ │
  ├───────┼───────┼───────┤
[1;2m7 [00m│ 9 □ □ │ □ 3 □ │ 1 □ □ │
[1;2m8 [00m│ 7 □ □ │ □ □ □ │ □ □ 9 │
[1;2m9 [00m│ □ □ □ │ □ □ □ │ □ □ 6 │
  └───────┴───────┴───────┘
[1;2m    1 2 3   4 5 6   7 8 9[00m

(sudb) unstep

   MOVE 0 (corrected)
  ┌───────┬───────┬───────┐
[1;2m1 [00m│ 2 □ □ │ □ [1;31m□[00m 9 │ □ 5 □ │
[1;2m2 [00m│ □ 5 □ │ □ □ 1 │ 4 □ □ │
[1;2m3 [00m│ □ 3 □ │ □ 2 6 │ □ 8 1 │
  ├───────┼───────┼───────┤
[1;2m4 [00m│ □ □ □ │ 4 8 □ │ □ □ □ │
[1;2m5 [00m│ 1 □ □ │ 2 □ □ │ □ □ 7 │
[1;2m6 [00m│ □ □ 8 │ □ 1 3 │ 9 □ □ │
  ├───────┼───────┼───────┤
[1;2m7 [00m│ 9 □ □ │ □ 3 □ │ 1 □ □ │
[1;2m8 [00m│ 7 □ □ │ □ □ □ │ □ □ 9 │
[1;2m9 [00m│ □ □ □ │ □ □ □ │ □ □ 6 │
  └───────┴───────┴───────┘
[1;2m    1 2 3   4 5 6   7 8 9[00m

(sudb) sc 9

   MOVE 1
  ┌───────┬───────┬───────┐
[1;2m1 [00m│ 2 □ □ │ □ □ 9 │ □ 5 [1;34m3[00m │
[1;2m2 [00m│ □ 5 □ │ □ □ 1 │ 4 □ □ │
[1;2m3 [00m│ □ 3 □ │ □ 2 6 │ □ 8 1 │
  ├───────┼───────┼───────┤
[1;2m4 [00m│ □ □ □ │ 4 8 □ │ □ □ □ │
[1;2m5 [00m│ 1 □ □ │ 2 □ □ │ □ □ 7 │
[1;2m6 [00m│ □ □ 8 │ □ 1 3 │ 9 □ □ │
  ├───────┼───────┼───────┤
[1;2m7 [00m│ 9 □ □ │ □ 3 □ │ 1 □ □ │
[1;2m8 [00m│ 7 □ □ │ □ □ □ │ □ □ 9 │
[1;2m9 [00m│ □ □ □ │ □ □ □ │ □ □ 6 │
  └───────┴───────┴───────┘
[1;2m    1 2 3   4 5 6   7 8 9[00m

(sudb) unstep

   MOVE 0 (corrected)
  ┌───────┬───────┬───────┐
[1;2m1 [00m│ 2 □ □ │ □ □ 9 │ □ 5 [1;31m□[00m │
[1;2m2 [00m│ □ 5 □ │ □ □ 1 │ 4 □ □ │
[1;2m3 [00m│ □ 3 □ │ □ 2 6 │ □ 8 1 │
  ├───────┼───────┼───────┤
[1;2m4 [00m│ □ □ □ │ 4 8 □ │ □ □ □ │
[1;2m5 [00m│ 1 □ □ │ 2 □ □ │ □ □ 7 │
[1;2m6 [00m│ □ □ 8 │ □ 1 3 │ 9 □ □ │
  ├───────┼───────┼───────┤
[1;2m7 [00m│ 9 □ □ │ □ 3 □ │ 1 □ □ │
[1;2m8 [00m│ 7 □ □ │ □ □ □ │ □ □ 9 │
[1;2m9 [00m│ □ □ □ │ □ □ □ │ □ □ 6 │
  └───────┴───────┴───────┘
[1;2m    1 2 3   4 5 6   7 8 9[00m

(sudb) sb 3

   MOVE 1
  ┌───────┬───────┬───────┐
[1;2m1 [00m│ 2 □ □ │ □ □ 9 │ □ 5 [1;34m3[00m │
[1;2m2 [00m│ □ 5 □ │ □ □ 1 │ 4 □ □ │
[1;2m3 [00m│ □ 3 □ │ □ 2 6 │ □ 8 1 │
  ├───────┼───────┼───────┤
[1;2m4 [00m│ □ □ □ │ 4 8 □ │ □ □ □ │
[1;2m5 [00m│ 1 □ □ │ 2 □ □ │ □ □ 7 │
[1;2m6 [00m│ □ □ 8 │ □ 1 3 │ 9 □ □ │
  ├───────┼───────┼───────┤
[1;2m7 [00m│ 9 □ □ │ □ 3 □ │ 1 □ □ │
[1;2m8 [00m│ 7 □ □ │ □ □ □ │ □ □ 9 │
[1;2m9 [00m│ □ □ □ │ □ □ □ │ □ □ 6 │
  └───────┴───────┴───────┘
[1;2m    1 2 3   4 5 6   7 8 9[00m

(sudb) unstep

   MOVE 0 (corrected)
  ┌───────┬───────┬───────┐
[1;2m1 [00m│ 2 □ □ │ □ □ 9 │ □ 5 [1;31m□[00m │
[1;2m2 [00m│ □ 5 □ │ □ □ 1 │ 4 □ □ │
[1;2m3 [00m│ □ 3 □ │ □ 2 6 │ □ 8 1 │
  ├───────┼───────┼───────┤
[1;2m4 [00m│ □ □ □ │ 4 8 □ │ □ □ □ │
[1;2m5 [00m│ 1 □ □ │ 2 □ □ │ □ □ 7 │
[1;2m6 [00m│ □ □ 8 │ □ 1 3 │ 9 □ □ │
  ├───────┼───────┼───────┤
[1;2m7 [00m│ 9 □ □ │ □ 3 □ │ 1 □ □ │
[1;2m8 [00m│ 7 □ □ │ □ □ □ │ □ □ 9 │
[1;2m9 [00m│ □ □ □ │ □ □ □ │ □ □ 6 │
  └───────┴───────┴───────┘
[1;2m    1 2 3   4 5 6   7 8 9[00m

(sudb) # set 3 at (1, 9) manually
(sudb) sm 1 9 3

   MOVE 1 (manual)
  ┌───────┬───────┬───────┐
[1;2m1 [00m│ 2 □ □ │ □ □ 9 │ □ 5 [1;36m3[00m │
[1;2m2 [00m│ □ 5 □ │ □ □ 1 │ 4 □ □ │
[1;2m3 [00m│ □ 3 □ │ □ 2 6 │ □ 8 1 │
  ├───────┼───────┼───────┤
[1;2m4 [00m│ □ □ □ │ 4 8 □ │ □ □ □ │
[1;2m5 [00m│ 1 □ □ │ 2 □ □ │ □ □ 7 │
[1;2m6 [00m│ □ □ 8 │ □ 1 3 │ 9 □ □ │
  ├───────┼───────┼───────┤
[1;2m7 [00m│ 9 □ □ │ □ 3 □ │ 1 □ □ │
[1;2m8 [00m│ 7 □ □ │ □ □ □ │ □ □ 9 │
[1;2m9 [00m│ □ □ □ │ □ □ □ │ □ □ 6 │
  └───────┴───────┴───────┘
[1;2m    1 2 3   4 5 6   7 8 9[00m

(sudb) unstep

   MOVE 0 (corrected)
  ┌───────┬───────┬───────┐
[1;2m1 [00m│ 2 □ □ │ □ □ 9 │ □ 5 [1;31m□[00m │
[1;2m2 [00m│ □ 5 □ │ □ □ 1 │ 4 □ □ │
[1;2m3 [00m│ □ 3 □ │ □ 2 6 │ □ 8 1 │
  ├───────┼───────┼───────┤
[1;2m4 [00m│ □ □ □ │ 4 8 □ │ □ □ □ │
[1;2m5 [00m│ 1 □ □ │ 2 □ □ │ □ □ 7 │
[1;2m6 [00m│ □ □ 8 │ □ 1 3 │ 9 □ □ │
  ├───────┼───────┼───────┤
[1;2m7 [00m│ 9 □ □ │ □ 3 □ │ 1 □ □ │
[1;2m8 [00m│ 7 □ □ │ □ □ □ │ □ □ 9 │
[1;2m9 [00m│ □ □ □ │ □ □ □ │ □ □ 6 │
  └───────┴───────┴───────┘
[1;2m    1 2 3   4 5 6   7 8 9[00m

(sudb) # using `stepm` ROW COL NUM alias
(sudb) 1 9 3

   MOVE 1 (manual)
  ┌───────┬───────┬───────┐
[1;2m1 [00m│ 2 □ □ │ □ □ 9 │ □ 5 [1;36m3[00m │
[1;2m2 [00m│ □ 5 □ │ □ □ 1 │ 4 □ □ │
[1;2m3 [00m│ □ 3 □ │ □ 2 6 │ □ 8 1 │
  ├───────┼───────┼───────┤
[1;2m4 [00m│ □ □ □ │ 4 8 □ │ □ □ □ │
[1;2m5 [00m│ 1 □ □ │ 2 □ □ │ □ □ 7 │
[1;2m6 [00m│ □ □ 8 │ □ 1 3 │ 9 □ □ │
  ├───────┼───────┼───────┤
[1;2m7 [00m│ 9 □ □ │ □ 3 □ │ 1 □ □ │
[1;2m8 [00m│ 7 □ □ │ □ □ □ │ □ □ 9 │
[1;2m9 [00m│ □ □ □ │ □ □ □ │ □ □ 6 │
  └───────┴───────┴───────┘
[1;2m    1 2 3   4 5 6   7 8 9[00m

(sudb) unstep

   MOVE 0 (corrected)
  ┌───────┬───────┬───────┐
[1;2m1 [00m│ 2 □ □ │ □ □ 9 │ □ 5 [1;31m□[00m │
[1;2m2 [00m│ □ 5 □ │ □ □ 1 │ 4 □ □ │
[1;2m3 [00m│ □ 3 □ │ □ 2 6 │ □ 8 1 │
  ├───────┼───────┼───────┤
[1;2m4 [00m│ □ □ □ │ 4 8 □ │ □ □ □ │
[1;2m5 [00m│ 1 □ □ │ 2 □ □ │ □ □ 7 │
[1;2m6 [00m│ □ □ 8 │ □ 1 3 │ 9 □ □ │
  ├───────┼───────┼───────┤
[1;2m7 [00m│ 9 □ □ │ □ 3 □ │ 1 □ □ │
[1;2m8 [00m│ 7 □ □ │ □ □ □ │ □ □ 9 │
[1;2m9 [00m│ □ □ □ │ □ □ □ │ □ □ 6 │
  └───────┴───────┴───────┘
[1;2m    1 2 3   4 5 6   7 8 9[00m

(sudb) # test breaking on `step`s
(sudb) break 1 5
Breakpoint 1 at 1, 5.
(sudb) step

   MOVE 1
  ┌───────┬───────┬───────┐
[1;2m1 [00m│ 2 □ □ │ □ [1;34m4[00m 9 │ □ 5 □ │
[1;2m2 [00m│ □ 5 □ │ □ □ 1 │ 4 □ □ │
[1;2m3 [00m│ □ 3 □ │ □ 2 6 │ □ 8 1 │
  ├───────┼───────┼───────┤
[1;2m4 [00m│ □ □ □ │ 4 8 □ │ □ □ □ │
[1;2m5 [00m│ 1 □ □ │ 2 □ □ │ □ □ 7 │
[1;2m6 [00m│ □ □ 8 │ □ 1 3 │ 9 □ □ │
  ├───────┼───────┼───────┤
[1;2m7 [00m│ 9 □ □ │ □ 3 □ │ 1 □ □ │
[1;2m8 [00m│ 7 □ □ │ □ □ □ │ □ □ 9 │
[1;2m9 [00m│ □ □ □ │ □ □ □ │ □ □ 6 │
  └───────┴───────┴───────┘
[1;2m    1 2 3   4 5 6   7 8 9[00m

Breakpoint 1: 1, 5.
(sudb) # breakpoint at (1, 5)
(sudb) unstep

   MOVE 0 (corrected)
  ┌───────┬───────┬───────┐
[1;2m1 [00m│ 2 □ □ │ □ [1;31m□[00m 9 │ □ 5 □ │
[1;2m2 [00m│ □ 5 □ │ □ □ 1 │ 4 □ □ │
[1;2m3 [00m│ □ 3 □ │ □ 2 6 │ □ 8 1 │
  ├───────┼───────┼───────┤
[1;2m4 [00m│ □ □ □ │ 4 8 □ │ □ □ □ │
[1;2m5 [00m│ 1 □ □ │ 2 □ □ │ □ □ 7 │
[1;2m6 [00m│ □ □ 8 │ □ 1 3 │ 9 □ □ │
  ├───────┼───────┼───────┤
[1;2m7 [00m│ 9 □ □ │ □ 3 □ │ 1 □ □ │
[1;2m8 [00m│ 7 □ □ │ □ □ □ │ □ □ 9 │
[1;2m9 [00m│ □ □ □ │ □ □ □ │ □ □ 6 │
  └───────┴───────┴───────┘
[1;2m    1 2 3   4 5 6   7 8 9[00m

(sudb) break 3 1
Breakpoint 2 at 3, 1.
(sudb) stepr 3

   MOVE 1
  ┌───────┬───────┬───────┐
[1;2m1 [00m│ 2 □ □ │ □ □ 9 │ □ 5 □ │
[1;2m2 [00m│ □ 5 □ │ □ □ 1 │ 4 □ □ │
[1;2m3 [00m│ [1;34m4[00m 3 □ │ □ 2 6 │ □ 8 1 │
  ├───────┼───────┼───────┤
[1;2m4 [00m│ □ □ □ │ 4 8 □ │ □ □ □ │
[1;2m5 [00m│ 1 □ □ │ 2 □ □ │ □ □ 7 │
[1;2m6 [00m│ □ □ 8 │ □ 1 3 │ 9 □ □ │
  ├───────┼───────┼───────┤
[1;2m7 [00m│ 9 □ □ │ □ 3 □ │ 1 □ □ │
[1;2m8 [00m│ 7 □ □ │ □ □ □ │ □ □ 9 │
[1;2m9 [00m│ □ □ □ │ □ □ □ │ □ □ 6 │
  └───────┴───────┴───────┘
[1;2m    1 2 3   4 5 6   7 8 9[00m

Breakpoint 2: 3, 1.
(sudb) # breakpoint at (3, 1)
(sudb) unstep

   MOVE 0 (corrected)
  ┌───────┬───────┬───────┐
[1;2m1 [00m│ 2 □ □ │ □ □ 9 │ □ 5 □ │
[1;2m2 [00m│ □ 5 □ │ □ □ 1 │ 4 □ □ │
[1;2m3 [00m│ [1;31m□[00m 3 □ │ □ 2 6 │ □ 8 1 │
  ├───────┼───────┼───────┤
[1;2m4 [00m│ □ □ □ │ 4 8 □ │ □ □ □ │
[1;2m5 [00m│ 1 □ □ │ 2 □ □ │ □ □ 7 │
[1;2m6 [00m│ □ □ 8 │ □ 1 3 │ 9 □ □ │
  ├───────┼───────┼───────┤
[1;2m7 [00m│ 9 □ □ │ □ 3 □ │ 1 □ □ │
[1;2m8 [00m│ 7 □ □ │ □ □ □ │ □ □ 9 │
[1;2m9 [00m│ □ □ □ │ □ □ □ │ □ □ 6 │
  └───────┴───────┴───────┘
[1;2m    1 2 3   4 5 6   7 8 9[00m

(sudb) break 3 7
Breakpoint 3 at 3, 7.
(sudb) stepc 7

   MOVE 1
  ┌───────┬───────┬───────┐
[1;2m1 [00m│ 2 □ □ │ □ □ 9 │ □ 5 □ │
[1;2m2 [00m│ □ 5 □ │ □ □ 1 │ 4 □ □ │
[1;2m3 [00m│ □ 3 □ │ □ 2 6 │ [1;34m7[00m 8 1 │
  ├───────┼───────┼───────┤
[1;2m4 [00m│ □ □ □ │ 4 8 □ │ □ □ □ │
[1;2m5 [00m│ 1 □ □ │ 2 □ □ │ □ □ 7 │
[1;2m6 [00m│ □ □ 8 │ □ 1 3 │ 9 □ □ │
  ├───────┼───────┼───────┤
[1;2m7 [00m│ 9 □ □ │ □ 3 □ │ 1 □ □ │
[1;2m8 [00m│ 7 □ □ │ □ □ □ │ □ □ 9 │
[1;2m9 [00m│ □ □ □ │ □ □ □ │ □ □ 6 │
  └───────┴───────┴───────┘
[1;2m    1 2 3   4 5 6   7 8 9[00m

Breakpoint 3: 3, 7.
(sudb) # breakpoint at (3, 7)
(sudb) unstep

   MOVE 0 (corrected)
  ┌───────┬───────┬───────┐
[1;2m1 [00m│ 2 □ □ │ □ □ 9 │ □ 5 □ │
[1;2m2 [00m│ □ 5 □ │ □ □ 1 │ 4 □ □ │
[1;2m3 [00m│ □ 3 □ │ □ 2 6 │ [1;31m□[00m 8 1 │
  ├───────┼───────┼───────┤
[1;2m4 [00m│ □ □ □ │ 4 8 □ │ □ □ □ │
[1;2m5 [00m│ 1 □ □ │ 2 □ □ │ □ □ 7 │
[1;2m6 [00m│ □ □ 8 │ □ 1 3 │ 9 □ □ │
  ├───────┼───────┼───────┤
[1;2m7 [00m│ 9 □ □ │ □ 3 □ │ 1 □ □ │
[1;2m8 [00m│ 7 □ □ │ □ □ □ │ □ □ 9 │
[1;2m9 [00m│ □ □ □ │ □ □ □ │ □ □ 6 │
  └───────┴───────┴───────┘
[1;2m    1 2 3   4 5 6   7 8 9[00m

(sudb) break 5 5
Breakpoint 4 at 5, 5.
(sudb) stepb 5

   MOVE 1
  ┌───────┬───────┬───────┐
[1;2m1 [00m│ 2 □ □ │ □ □ 9 │ □ 5 □ │
[1;2m2 [00m│ □ 5 □ │ □ □ 1 │ 4 □ □ │
[1;2m3 [00m│ □ 3 □ │ □ 2 6 │ □ 8 1 │
  ├───────┼───────┼───────┤
[1;2m4 [00m│ □ □ □ │ 4 8 □ │ □ □ □ │
[1;2m5 [00m│ 1 □ □ │ 2 [1;34m9[00m □ │ □ □ 7 │
[1;2m6 [00m│ □ □ 8 │ □ 1 3 │ 9 □ □ │
  ├───────┼───────┼───────┤
[1;2m7 [00m│ 9 □ □ │ □ 3 □ │ 1 □ □ │
[1;2m8 [00m│ 7 □ □ │ □ □ □ │ □ □ 9 │
[1;2m9 [00m│ □ □ □ │ □ □ □ │ □ □ 6 │
  └───────┴───────┴───────┘
[1;2m    1 2 3   4 5 6   7 8 9[00m

Breakpoint 4: 5, 5.
(sudb) # breakpoint at (5, 5)
(sudb) unstep

   MOVE 0 (corrected)
  ┌───────┬───────┬───────┐
[1;2m1 [00m│ 2 □ □ │ □ □ 9 │ □ 5 □ │
[1;2m2 [00m│ □ 5 □ │ □ □ 1 │ 4 □ □ │
[1;2m3 [00m│ □ 3 □ │ □ 2 6 │ □ 8 1 │
  ├───────┼───────┼───────┤
[1;2m4 [00m│ □ □ □ │ 4 8 □ │ □ □ □ │
[1;2m5 [00m│ 1 □ □ │ 2 [1;31m□[00m □ │ □ □ 7 │
[1;2m6 [00m│ □ □ 8 │ □ 1 3 │ 9 □ □ │
  ├───────┼───────┼───────┤
[1;2m7 [00m│ 9 □ □ │ □ 3 □ │ 1 □ □ │
[1;2m8 [00m│ 7 □ □ │ □ □ □ │ □ □ 9 │
[1;2m9 [00m│ □ □ □ │ □ □ □ │ □ □ 6 │
  └───────┴───────┴───────┘
[1;2m    1 2 3   4 5 6   7 8 9[00m

(sudb) break 9 4
Breakpoint 5 at 9, 4.
(sudb) 949

   MOVE 1 (manual)
  ┌───────┬───────┬───────┐
[1;2m1 [00m│ 2 □ □ │ □ □ 9 │ □ 5 □ │
[1;2m2 [00m│ □ 5 □ │ □ □ 1 │ 4 □ □ │
[1;2m3 [00m│ □ 3 □ │ □ 2 6 │ □ 8 1 │
  ├───────┼───────┼───────┤
[1;2m4 [00m│ □ □ □ │ 4 8 □ │ □ □ □ │
[1;2m5 [00m│ 1 □ □ │ 2 □ □ │ □ □ 7 │
[1;2m6 [00m│ □ □ 8 │ □ 1 3 │ 9 □ □ │
  ├───────┼───────┼───────┤
[1;2m7 [00m│ 9 □ □ │ □ 3 □ │ 1 □ □ │
[1;2m8 [00m│ 7 □ □ │ □ □ □ │ □ □ 9 │
[1;2m9 [00m│ □ □ □ │ [1;36m9[00m □ □ │ □ □ 6 │
  └───────┴───────┴───────┘
[1;2m    1 2 3   4 5 6   7 8 9[00m

Breakpoint 5: 9, 4.
(sudb) # breakpoint at (9, 4)
(sudb) unstep

   MOVE 0 (corrected)
  ┌───────┬───────┬───────┐
[1;2m1 [00m│ 2 □ □ │ □ □ 9 │ □ 5 □ │
[1;2m2 [00m│ □ 5 □ │ □ □ 1 │ 4 □ □ │
[1;2m3 [00m│ □ 3 □ │ □ 2 6 │ □ 8 1 │
  ├───────┼───────┼───────┤
[1;2m4 [00m│ □ □ □ │ 4 8 □ │ □ □ □ │
[1;2m5 [00m│ 1 □ □ │ 2 □ □ │ □ □ 7 │
[1;2m6 [00m│ □ □ 8 │ □ 1 3 │ 9 □ □ │
  ├───────┼───────┼───────┤
[1;2m7 [00m│ 9 □ □ │ □ 3 □ │ 1 □ □ │
[1;2m8 [00m│ 7 □ □ │ □ □ □ │ □ □ 9 │
[1;2m9 [00m│ □ □ □ │ [1;31m□[00m □ □ │ □ □ 6 │
  └───────┴───────┴───────┘
[1;2m    1 2 3   4 5 6   7 8 9[00m

(sudb) delete
Delete all breakpoints? (y or n) [assumed Y]
(sudb) # test repeating `step`s
(sudb) step 2

   MOVE 1
  ┌───────┬───────┬───────┐
[1;2m1 [00m│ 2 □ □ │ □ [1;34m4[00m 9 │ □ 5 □ │
[1;2m2 [00m│ □ 5 □ │ □ □ 1 │ 4 □ □ │
[1;2m3 [00m│ □ 3 □ │ □ 2 6 │ □ 8 1 │
  ├───────┼───────┼───────┤
[1;2m4 [00m│ □ □ □ │ 4 8 □ │ □ □ □ │
[1;2m5 [00m│ 1 □ □ │ 2 □ □ │ □ □ 7 │
[1;2m6 [00m│ □ □ 8 │ □ 1 3 │ 9 □ □ │
  ├───────┼───────┼───────┤
[1;2m7 [00m│ 9 □ □ │ □ 3 □ │ 1 □ □ │
[1;2m8 [00m│ 7 □ □ │ □ □ □ │ □ □ 9 │
[1;2m9 [00m│ □ □ □ │ □ □ □ │ □ □ 6 │
  └───────┴───────┴───────┘
[1;2m    1 2 3   4 5 6   7 8 9[00m


   MOVE 2
  ┌───────┬───────┬───────┐
[1;2m1 [00m│ 2 □ □ │ □ 4 9 │ □ 5 [1;34m3[00m │
[1;2m2 [00m│ □ 5 □ │ □ □ 1 │ 4 □ □ │
[1;2m3 [00m│ □ 3 □ │ □ 2 6 │ □ 8 1 │
  ├───────┼───────┼───────┤
[1;2m4 [00m│ □ □ □ │ 4 8 □ │ □ □ □ │
[1;2m5 [00m│ 1 □ □ │ 2 □ □ │ □ □ 7 │
[1;2m6 [00m│ □ □ 8 │ □ 1 3 │ 9 □ □ │
  ├───────┼───────┼───────┤
[1;2m7 [00m│ 9 □ □ │ □ 3 □ │ 1 □ □ │
[1;2m8 [00m│ 7 □ □ │ □ □ □ │ □ □ 9 │
[1;2m9 [00m│ □ □ □ │ □ □ □ │ □ □ 6 │
  └───────┴───────┴───────┘
[1;2m    1 2 3   4 5 6   7 8 9[00m

(sudb) stepr 12

   MOVE 3
  ┌───────┬───────┬───────┐
[1;2m1 [00m│ 2 □ □ │ □ 4 9 │ □ 5 3 │
[1;2m2 [00m│ □ 5 □ │ [1;34m3[00m □ 1 │ 4 □ □ │
[1;2m3 [00m│ □ 3 □ │ □ 2 6 │ □ 8 1 │
  ├───────┼───────┼───────┤
[1;2m4 [00m│ □ □ □ │ 4 8 □ │ □ □ □ │
[1;2m5 [00m│ 1 □ □ │ 2 □ □ │ □ □ 7 │
[1;2m6 [00m│ □ □ 8 │ □ 1 3 │ 9 □ □ │
  ├───────┼───────┼───────┤
[1;2m7 [00m│ 9 □ □ │ □ 3 □ │ 1 □ □ │
[1;2m8 [00m│ 7 □ □ │ □ □ □ │ □ □ 9 │
[1;2m9 [00m│ □ □ □ │ □ □ □ │ □ □ 6 │
  └───────┴───────┴───────┘
[1;2m    1 2 3   4 5 6   7 8 9[00m


   MOVE 4
  ┌───────┬───────┬───────┐
[1;2m1 [00m│ 2 □ □ │ [1;34m8[00m 4 9 │ □ 5 3 │
[1;2m2 [00m│ □ 5 □ │ 3 □ 1 │ 4 □ □ │
[1;2m3 [00m│ □ 3 □ │ □ 2 6 │ □ 8 1 │
  ├───────┼───────┼───────┤
[1;2m4 [00m│ □ □ □ │ 4 8 □ │ □ □ □ │
[1;2m5 [00m│ 1 □ □ │ 2 □ □ │ □ □ 7 │
[1;2m6 [00m│ □ □ 8 │ □ 1 3 │ 9 □ □ │
  ├───────┼───────┼───────┤
[1;2m7 [00m│ 9 □ □ │ □ 3 □ │ 1 □ □ │
[1;2m8 [00m│ 7 □ □ │ □ □ □ │ □ □ 9 │
[1;2m9 [00m│ □ □ □ │ □ □ □ │ □ □ 6 │
  └───────┴───────┴───────┘
[1;2m    1 2 3   4 5 6   7 8 9[00m

(sudb) stepc 12

   MOVE 5
  ┌───────┬───────┬───────┐
[1;2m1 [00m│ 2 □ □ │ 8 4 9 │ □ 5 3 │
[1;2m2 [00m│ [1;34m8[00m 5 □ │ 3 □ 1 │ 4 □ □ │
[1;2m3 [00m│ □ 3 □ │ □ 2 6 │ □ 8 1 │
  ├───────┼───────┼───────┤
[1;2m4 [00m│ □ □ □ │ 4 8 □ │ □ □ □ │
[1;2m5 [00m│ 1 □ □ │ 2 □ □ │ □ □ 7 │
[1;2m6 [00m│ □ □ 8 │ □ 1 3 │ 9 □ □ │
  ├───────┼───────┼───────┤
[1;2m7 [00m│ 9 □ □ │ □ 3 □ │ 1 □ □ │
[1;2m8 [00m│ 7 □ □ │ □ □ □ │ □ □ 9 │
[1;2m9 [00m│ □ □ □ │ □ □ □ │ □ □ 6 │
  └───────┴───────┴───────┘
[1;2m    1 2 3   4 5 6   7 8 9[00m


   MOVE 6
  ┌───────┬───────┬───────┐
[1;2m1 [00m│ 2 □ □ │ 8 4 9 │ □ 5 3 │
[1;2m2 [00m│ 8 5 □ │ 3 □ 1 │ 4 □ □ │
[1;2m3 [00m│ [1;34m4[00m 3 □ │ □ 2 6 │ □ 8 1 │
  ├───────┼───────┼───────┤
[1;2m4 [00m│ □ □ □ │ 4 8 □ │ □ □ □ │
[1;2m5 [00m│ 1 □ □ │ 2 □ □ │ □ □ 7 │
[1;2m6 [00m│ □ □ 8 │ □ 1 3 │ 9 □ □ │
  ├───────┼───────┼───────┤
[1;2m7 [00m│ 9 □ □ │ □ 3 □ │ 1 □ □ │
[1;2m8 [00m│ 7 □ □ │ □ □ □ │ □ □ 9 │
[1;2m9 [00m│ □ □ □ │ □ □ □ │ □ □ 6 │
  └───────┴───────┴───────┘
[1;2m    1 2 3   4 5 6   7 8 9[00m

(sudb) stepb 12

   MOVE 7
  ┌───────┬───────┬───────┐
[1;2m1 [00m│ 2 □ □ │ 8 4 9 │ □ 5 3 │
[1;2m2 [00m│ 8 5 □ │ 3 □ 1 │ 4 □ □ │
[1;2m3 [00m│ 4 3 [1;34m9[00m │ □ 2 6 │ □ 8 1 │
  ├───────┼───────┼───────┤
[1;2m4 [00m│ □ □ □ │ 4 8 □ │ □ □ □ │
[1;2m5 [00m│ 1 □ □ │ 2 □ □ │ □ □ 7 │
[1;2m6 [00m│ □ □ 8 │ □ 1 3 │ 9 □ □ │
  ├───────┼───────┼───────┤
[1;2m7 [00m│ 9 □ □ │ □ 3 □ │ 1 □ □ │
[1;2m8 [00m│ 7 □ □ │ □ □ □ │ □ □ 9 │
[1;2m9 [00m│ □ □ □ │ □ □ □ │ □ □ 6 │
  └───────┴───────┴───────┘
[1;2m    1 2 3   4 5 6   7 8 9[00m


   MOVE 8
  ┌───────┬───────┬───────┐
[1;2m1 [00m│ 2 □ □ │ 8 4 9 │ □ 5 3 │
[1;2m2 [00m│ 8 5 □ │ 3 [1;34m7[00m 1 │ 4 □ □ │
[1;2m3 [00m│ 4 3 9 │ □ 2 6 │ □ 8 1 │
  ├───────┼───────┼───────┤
[1;2m4 [00m│ □ □ □ │ 4 8 □ │ □ □ □ │
[1;2m5 [00m│ 1 □ □ │ 2 □ □ │ □ □ 7 │
[1;2m6 [00m│ □ □ 8 │ □ 1 3 │ 9 □ □ │
  ├───────┼───────┼───────┤
[1;2m7 [00m│ 9 □ □ │ □ 3 □ │ 1 □ □ │
[1;2m8 [00m│ 7 □ □ │ □ □ □ │ □ □ 9 │
[1;2m9 [00m│ □ □ □ │ □ □ □ │ □ □ 6 │
  └───────┴───────┴───────┘
[1;2m    1 2 3   4 5 6   7 8 9[00m

(sudb) unstep 8

   MOVE 7 (corrected)
  ┌───────┬───────┬───────┐
[1;2m1 [00m│ 2 □ □ │ 8 4 9 │ □ 5 3 │
[1;2m2 [00m│ 8 5 □ │ 3 [1;31m□[00m 1 │ 4 □ □ │
[1;2m3 [00m│ 4 3 9 │ □ 2 6 │ □ 8 1 │
  ├───────┼───────┼───────┤
[1;2m4 [00m│ □ □ □ │ 4 8 □ │ □ □ □ │
[1;2m5 [00m│ 1 □ □ │ 2 □ □ │ □ □ 7 │
[1;2m6 [00m│ □ □ 8 │ □ 1 3 │ 9 □ □ │
  ├───────┼───────┼───────┤
[1;2m7 [00m│ 9 □ □ │ □ 3 □ │ 1 □ □ │
[1;2m8 [00m│ 7 □ □ │ □ □ □ │ □ □ 9 │
[1;2m9 [00m│ □ □ □ │ □ □ □ │ □ □ 6 │
  └───────┴───────┴───────┘
[1;2m    1 2 3   4 5 6   7 8 9[00m


   MOVE 6 (corrected)
  ┌───────┬───────┬───────┐
[1;2m1 [00m│ 2 □ □ │ 8 4 9 │ □ 5 3 │
[1;2m2 [00m│ 8 5 □ │ 3 □ 1 │ 4 □ □ │
[1;2m3 [00m│ 4 3 [1;31m□[00m │ □ 2 6 │ □ 8 1 │
  ├───────┼───────┼───────┤
[1;2m4 [00m│ □ □ □ │ 4 8 □ │ □ □ □ │
[1;2m5 [00m│ 1 □ □ │ 2 □ □ │ □ □ 7 │
[1;2m6 [00m│ □ □ 8 │ □ 1 3 │ 9 □ □ │
  ├───────┼───────┼───────┤
[1;2m7 [00m│ 9 □ □ │ □ 3 □ │ 1 □ □ │
[1;2m8 [00m│ 7 □ □ │ □ □ □ │ □ □ 9 │
[1;2m9 [00m│ □ □ □ │ □ □ □ │ □ □ 6 │
  └───────┴───────┴───────┘
[1;2m    1 2 3   4 5 6   7 8 9[00m


   MOVE 5 (corrected)
  ┌───────┬───────┬───────┐
[1;2m1 [00m│ 2 □ □ │ 8 4 9 │ □ 5 3 │
[1;2m2 [00m│ 8 5 □ │ 3 □ 1 │ 4 □ □ │
[1;2m3 [00m│ [1;31m□[00m 3 □ │ □ 2 6 │ □ 8 1 │
  ├───────┼───────┼───────┤
[1;2m4 [00m│ □ □ □ │ 4 8 □ │ □ □ □ │
[1;2m5 [00m│ 1 □ □ │ 2 □ □ │ □ □ 7 │
[1;2m6 [00m│ □ □ 8 │ □ 1 3 │ 9 □ □ │
  ├───────┼───────┼───────┤
[1;2m7 [00m│ 9 □ □ │ □ 3 □ │ 1 □ □ │
[1;2m8 [00m│ 7 □ □ │ □ □ □ │ □ □ 9 │
[1;2m9 [00m│ □ □ □ │ □ □ □ │ □ □ 6 │
  └───────┴───────┴───────┘
[1;2m    1 2 3   4 5 6   7 8 9[00m


   MOVE 4 (corrected)
  ┌───────┬───────┬───────┐
[1;2m1 [00m│ 2 □ □ │ 8 4 9 │ □ 5 3 │
[1;2m2 [00m│ [1;31m□[00m 5 □ │ 3 □ 1 │ 4 □ □ │
[1;2m3 [00m│ □ 3 □ │ □ 2 6 │ □ 8 1 │
  ├───────┼───────┼───────┤
[1;2m4 [00m│ □ □ □ │ 4 8 □ │ □ □ □ │
[1;2m5 [00m│ 1 □ □ │ 2 □ □ │ □ □ 7 │
[1;2m6 [00m│ □ □ 8 │ □ 1 3 │ 9 □ □ │
  ├───────┼───────┼───────┤
[1;2m7 [00m│ 9 □ □ │ □ 3 □ │ 1 □ □ │
[1;2m8 [00m│ 7 □ □ │ □ □ □ │ □ □ 9 │
[1;2m9 [00m│ □ □ □ │ □ □ □ │ □ □ 6 │
  └───────┴───────┴───────┘
[1;2m    1 2 3   4 5 6   7 8 9[00m


   MOVE 3 (corrected)
  ┌───────┬───────┬───────┐
[1;2m1 [00m│ 2 □ □ │ [1;31m□[00m 4 9 │ □ 5 3 │
[1;2m2 [00m│ □ 5 □ │ 3 □ 1 │ 4 □ □ │
[1;2m3 [00m│ □ 3 □ │ □ 2 6 │ □ 8 1 │
  ├───────┼───────┼───────┤
[1;2m4 [00m│ □ □ □ │ 4 8 □ │ □ □ □ │
[1;2m5 [00m│ 1 □ □ │ 2 □ □ │ □ □ 7 │
[1;2m6 [00m│ □ □ 8 │ □ 1 3 │ 9 □ □ │
  ├───────┼───────┼───────┤
[1;2m7 [00m│ 9 □ □ │ □ 3 □ │ 1 □ □ │
[1;2m8 [00m│ 7 □ □ │ □ □ □ │ □ □ 9 │
[1;2m9 [00m│ □ □ □ │ □ □ □ │ □ □ 6 │
  └───────┴───────┴───────┘
[1;2m    1 2 3   4 5 6   7 8 9[00m


   MOVE 2 (corrected)
  ┌───────┬───────┬───────┐
[1;2m1 [00m│ 2 □ □ │ □ 4 9 │ □ 5 3 │
[1;2m2 [00m│ □ 5 □ │ [1;31m□[00m □ 1 │ 4 □ □ │
[1;2m3 [00m│ □ 3 □ │ □ 2 6 │ □ 8 1 │
  ├───────┼───────┼───────┤
[1;2m4 [00m│ □ □ □ │ 4 8 □ │ □ □ □ │
[1;2m5 [00m│ 1 □ □ │ 2 □ □ │ □ □ 7 │
[1;2m6 [00m│ □ □ 8 │ □ 1 3 │ 9 □ □ │
  ├───────┼───────┼───────┤
[1;2m7 [00m│ 9 □ □ │ □ 3 □ │ 1 □ □ │
[1;2m8 [00m│ 7 □ □ │ □ □ □ │ □ □ 9 │
[1;2m9 [00m│ □ □ □ │ □ □ □ │ □ □ 6 │
  └───────┴───────┴───────┘
[1;2m    1 2 3   4 5 6   7 8 9[00m


   MOVE 1 (corrected)
  ┌───────┬───────┬───────┐
[1;2m1 [00m│ 2 □ □ │ □ 4 9 │ □ 5 [1;31m□[00m │
[1;2m2 [00m│ □ 5 □ │ □ □ 1 │ 4 □ □ │
[1;2m3 [00m│ □ 3 □ │ □ 2 6 │ □ 8 1 │
  ├───────┼───────┼───────┤
[1;2m4 [00m│ □ □ □ │ 4 8 □ │ □ □ □ │
[1;2m5 [00m│ 1 □ □ │ 2 □ □ │ □ □ 7 │
[1;2m6 [00m│ □ □ 8 │ □ 1 3 │ 9 □ □ │
  ├───────┼───────┼───────┤
[1;2m7 [00m│ 9 □ □ │ □ 3 □ │ 1 □ □ │
[1;2m8 [00m│ 7 □ □ │ □ □ □ │ □ □ 9 │
[1;2m9 [00m│ □ □ □ │ □ □ □ │ □ □ 6 │
  └───────┴───────┴───────┘
[1;2m    1 2 3   4 5 6   7 8 9[00m


   MOVE 0 (corrected)
  ┌───────┬───────┬───────┐
[1;2m1 [00m│ 2 □ □ │ □ [1;31m□[00m 9 │ □ 5 □ │
[1;2m2 [00m│ □ 5 □ │ □ □ 1 │ 4 □ □ │
[1;2m3 [00m│ □ 3 □ │ □ 2 6 │ □ 8 1 │
  ├───────┼───────┼───────┤
[1;2m4 [00m│ □ □ □ │ 4 8 □ │ □ □ □ │
[1;2m5 [00m│ 1 □ □ │ 2 □ □ │ □ □ 7 │
[1;2m6 [00m│ □ □ 8 │ □ 1 3 │ 9 □ □ │
  ├───────┼───────┼───────┤
[1;2m7 [00m│ 9 □ □ │ □ 3 □ │ 1 □ □ │
[1;2m8 [00m│ 7 □ □ │ □ □ □ │ □ □ 9 │
[1;2m9 [00m│ □ □ □ │ □ □ □ │ □ □ 6 │
  └───────┴───────┴───────┘
[1;2m    1 2 3   4 5 6   7 8 9[00m

(sudb) # test passing bad arguments to various commands
(sudb) # No steps left to undo
(sudb) unstep 82
No steps left to undo.
(sudb) # Must be integer
(sudb) step x
Argument must be an integer.
(sudb) unstep x
Argument must be an integer.
(sudb) stepr 1 x
Argument must be an integer.
(sudb) stepc 1 x
Argument must be an integer.
(sudb) stepb 1 x
Argument must be an integer.
(sudb) stepm x x x
Arguments must be integers.
(sudb) # Invalid row
(sudb) stepm 0 1 1
Invalid row 0 in (0, 1).
(sudb) stepr 0
Invalid row 0
(sudb) # Invalid column
(sudb) stepm 1 0 1
Invalid column 0 in (1, 0).
(sudb) stepc 0
Invalid column 0
(sudb) # Invalid box
(sudb) stepb 0
Invalid box 0
(sudb) # Argument required
(sudb) stepr
Row argument required.
(sudb) stepc
Column argument required.
(sudb) stepb
Box argument required.
(sudb) # Exactly three arguments required
(sudb) stepm
Three arguments required.
(sudb) stepm 1
Three arguments required.
(sudb) stepm 1 1
Three arguments required.
(sudb) # Inconsistent move
(sudb) stepm 119
Move left board inconsistent. Ignored.
(sudb) quit
The puzzle has not been solved.
Quit anyway? (y or n) [assumed Y]
