$ sudb --no-init --file test/data/normal_puzzle.txt --execute "source test/data/simple_script.txt" < /dev/null
1 puzzle to solve.
Starting solver on puzzle with ID "test/data/normal_puzzle.txt:1".

   MOVE 0
  ┌───────┬───────┬───────┐
[1;2m1 [00m│ □ □ 6 │ □ 4 8 │ 7 □ □ │
[1;2m2 [00m│ 8 □ □ │ □ 3 □ │ □ 1 □ │
[1;2m3 [00m│ □ □ □ │ □ 2 6 │ 4 8 □ │
  ├───────┼───────┼───────┤
[1;2m4 [00m│ 1 □ 7 │ □ □ □ │ □ 9 2 │
[1;2m5 [00m│ □ □ 4 │ □ □ □ │ 5 □ □ │
[1;2m6 [00m│ 5 2 □ │ □ □ □ │ 1 □ 3 │
  ├───────┼───────┼───────┤
[1;2m7 [00m│ □ 1 2 │ 8 6 □ │ □ □ □ │
[1;2m8 [00m│ □ 5 □ │ □ 1 □ │ □ □ 7 │
[1;2m9 [00m│ □ □ 8 │ 9 7 □ │ 3 □ □ │
  └───────┴───────┴───────┘
[1;2m    1 2 3   4 5 6   7 8 9[00m

(sudb) source test/data/simple_script.txt
(sudb) step

   MOVE 1
  ┌───────┬───────┬───────┐
[1;2m1 [00m│ [1;34m2[00m □ 6 │ □ 4 8 │ 7 □ □ │
[1;2m2 [00m│ 8 □ □ │ □ 3 □ │ □ 1 □ │
[1;2m3 [00m│ □ □ □ │ □ 2 6 │ 4 8 □ │
  ├───────┼───────┼───────┤
[1;2m4 [00m│ 1 □ 7 │ □ □ □ │ □ 9 2 │
[1;2m5 [00m│ □ □ 4 │ □ □ □ │ 5 □ □ │
[1;2m6 [00m│ 5 2 □ │ □ □ □ │ 1 □ 3 │
  ├───────┼───────┼───────┤
[1;2m7 [00m│ □ 1 2 │ 8 6 □ │ □ □ □ │
[1;2m8 [00m│ □ 5 □ │ □ 1 □ │ □ □ 7 │
[1;2m9 [00m│ □ □ 8 │ 9 7 □ │ 3 □ □ │
  └───────┴───────┴───────┘
[1;2m    1 2 3   4 5 6   7 8 9[00m

(sudb) quit
The puzzle has not been solved.
Quit anyway? (y or n) EOF [assumed Y]

End Board for Puzzle 1:
┌───────┬───────┬───────┐
│ 2 □ 6 │ □ 4 8 │ 7 □ □ │
│ 8 □ □ │ □ 3 □ │ □ 1 □ │
│ □ □ □ │ □ 2 6 │ 4 8 □ │
├───────┼───────┼───────┤
│ 1 □ 7 │ □ □ □ │ □ 9 2 │
│ □ □ 4 │ □ □ □ │ 5 □ □ │
│ 5 2 □ │ □ □ □ │ 1 □ 3 │
├───────┼───────┼───────┤
│ □ 1 2 │ 8 6 □ │ □ □ □ │
│ □ 5 □ │ □ 1 □ │ □ □ 7 │
│ □ □ 8 │ 9 7 □ │ 3 □ □ │
└───────┴───────┴───────┘
(test/data/normal_puzzle.txt:1)

Solved 0 of 1.
$ cat test/data/integrated_puzzle_and_script.txt | sudb --no-init
Enter the 9 characters in each row of the puzzle(s) from top to
bottom. Use 0 or any non-numerical, non-whitespace character to
represent a blank in the puzzle. When done, type a period on a
line by itself (or just type EOF, e.g., ctrl-D).


1 puzzle to solve.
Starting solver on puzzle with ID "stdin:1".

   MOVE 0
  ┌───────┬───────┬───────┐
[1;2m1 [00m│ □ □ 6 │ □ 4 8 │ 7 □ □ │
[1;2m2 [00m│ 8 □ □ │ □ 3 □ │ □ 1 □ │
[1;2m3 [00m│ □ □ □ │ □ 2 6 │ 4 8 □ │
  ├───────┼───────┼───────┤
[1;2m4 [00m│ 1 □ 7 │ □ □ □ │ □ 9 2 │
[1;2m5 [00m│ □ □ 4 │ □ □ □ │ 5 □ □ │
[1;2m6 [00m│ 5 2 □ │ □ □ □ │ 1 □ 3 │
  ├───────┼───────┼───────┤
[1;2m7 [00m│ □ 1 2 │ 8 6 □ │ □ □ □ │
[1;2m8 [00m│ □ 5 □ │ □ 1 □ │ □ □ 7 │
[1;2m9 [00m│ □ □ 8 │ 9 7 □ │ 3 □ □ │
  └───────┴───────┴───────┘
[1;2m    1 2 3   4 5 6   7 8 9[00m

(sudb) step

   MOVE 1
  ┌───────┬───────┬───────┐
[1;2m1 [00m│ [1;34m2[00m □ 6 │ □ 4 8 │ 7 □ □ │
[1;2m2 [00m│ 8 □ □ │ □ 3 □ │ □ 1 □ │
[1;2m3 [00m│ □ □ □ │ □ 2 6 │ 4 8 □ │
  ├───────┼───────┼───────┤
[1;2m4 [00m│ 1 □ 7 │ □ □ □ │ □ 9 2 │
[1;2m5 [00m│ □ □ 4 │ □ □ □ │ 5 □ □ │
[1;2m6 [00m│ 5 2 □ │ □ □ □ │ 1 □ 3 │
  ├───────┼───────┼───────┤
[1;2m7 [00m│ □ 1 2 │ 8 6 □ │ □ □ □ │
[1;2m8 [00m│ □ 5 □ │ □ 1 □ │ □ □ 7 │
[1;2m9 [00m│ □ □ 8 │ 9 7 □ │ 3 □ □ │
  └───────┴───────┴───────┘
[1;2m    1 2 3   4 5 6   7 8 9[00m

(sudb) # The next blank line repeats the step
(sudb) 

   MOVE 2
  ┌───────┬───────┬───────┐
[1;2m1 [00m│ 2 □ 6 │ [1;34m1[00m 4 8 │ 7 □ □ │
[1;2m2 [00m│ 8 □ □ │ □ 3 □ │ □ 1 □ │
[1;2m3 [00m│ □ □ □ │ □ 2 6 │ 4 8 □ │
  ├───────┼───────┼───────┤
[1;2m4 [00m│ 1 □ 7 │ □ □ □ │ □ 9 2 │
[1;2m5 [00m│ □ □ 4 │ □ □ □ │ 5 □ □ │
[1;2m6 [00m│ 5 2 □ │ □ □ □ │ 1 □ 3 │
  ├───────┼───────┼───────┤
[1;2m7 [00m│ □ 1 2 │ 8 6 □ │ □ □ □ │
[1;2m8 [00m│ □ 5 □ │ □ 1 □ │ □ □ 7 │
[1;2m9 [00m│ □ □ 8 │ 9 7 □ │ 3 □ □ │
  └───────┴───────┴───────┘
[1;2m    1 2 3   4 5 6   7 8 9[00m

(sudb) quit
The puzzle has not been solved.
Quit anyway? (y or n) EOF [assumed Y]

End Board for Puzzle 1:
┌───────┬───────┬───────┐
│ 2 □ 6 │ 1 4 8 │ 7 □ □ │
│ 8 □ □ │ □ 3 □ │ □ 1 □ │
│ □ □ □ │ □ 2 6 │ 4 8 □ │
├───────┼───────┼───────┤
│ 1 □ 7 │ □ □ □ │ □ 9 2 │
│ □ □ 4 │ □ □ □ │ 5 □ □ │
│ 5 2 □ │ □ □ □ │ 1 □ 3 │
├───────┼───────┼───────┤
│ □ 1 2 │ 8 6 □ │ □ □ □ │
│ □ 5 □ │ □ 1 □ │ □ □ 7 │
│ □ □ 8 │ 9 7 □ │ 3 □ □ │
└───────┴───────┴───────┘
(stdin:1)

Solved 0 of 1.
