$ sudb --no-init --auto --difference --file test/data/too_few_clues_puzzle.txt --satisfactory
1 puzzle to solve.

End Board for Puzzle 1:
┌───────┬───────┬───────┐
│ [0;32m8[00m [0;32m9[00m 5 │ [0;32m6[00m [0;32m4[00m 3 │ [0;32m7[00m 1 [0;32m2[00m │
│ [0;32m2[00m 1 [0;32m3[00m │ [0;32m7[00m [0;32m5[00m 9 │ [0;32m4[00m [0;32m6[00m 8 │
│ [0;32m7[00m 6 [0;32m4[00m │ [0;32m1[00m 8 [0;32m2[00m │ 3 [0;32m9[00m [0;32m5[00m │
├───────┼───────┼───────┤
│ 1 5 [0;32m2[00m │ 9 [0;32m3[00m 7 │ [0;32m6[00m [0;32m8[00m [0;32m4[00m │
│ 4 [0;32m3[00m 9 │ [0;32m8[00m [0;32m1[00m [0;32m6[00m │ 2 [0;32m5[00m [0;32m7[00m │
│ [0;32m6[00m [0;32m7[00m [0;32m8[00m │ 5 2 [0;32m4[00m │ [0;32m9[00m [0;32m3[00m [0;32m1[00m │
├───────┼───────┼───────┤
│ [0;32m9[00m 8 [0;32m6[00m │ [0;32m4[00m 7 [0;32m5[00m │ [0;32m1[00m 2 [0;32m3[00m │
│ 5 [0;32m2[00m [0;32m7[00m │ [0;32m3[00m [0;32m9[00m [0;32m1[00m │ 8 4 [0;32m6[00m │
│ [0;32m3[00m 4 [0;32m1[00m │ 2 [0;32m6[00m [0;32m8[00m │ [0;32m5[00m [0;32m7[00m 9 │
└───────┴───────┴───────┘
(test/data/too_few_clues_puzzle.txt:2, +11 clues [sat])

Solved 1 of 1.
$ sudb --no-init --auto --difference --file test/data/too_few_clues_puzzle.txt --satisfactory --symmetrical
1 puzzle to solve.

End Board for Puzzle 1:
┌───────┬───────┬───────┐
│ 8 [0;32m9[00m 5 │ [0;32m6[00m [0;32m4[00m 3 │ [0;32m7[00m 1 [0;32m2[00m │
│ [0;32m2[00m 1 3 │ [0;32m7[00m [0;32m5[00m 9 │ [0;32m4[00m [0;32m6[00m 8 │
│ [0;32m7[00m 6 [0;32m4[00m │ [0;32m1[00m 8 [0;32m2[00m │ 3 9 [0;32m5[00m │
├───────┼───────┼───────┤
│ 1 5 [0;32m2[00m │ 9 3 7 │ [0;32m6[00m [0;32m8[00m [0;32m4[00m │
│ 4 [0;32m3[00m 9 │ [0;32m8[00m [0;32m1[00m [0;32m6[00m │ 2 [0;32m5[00m 7 │
│ [0;32m6[00m [0;32m7[00m [0;32m8[00m │ 5 2 4 │ [0;32m9[00m 3 1 │
├───────┼───────┼───────┤
│ [0;32m9[00m 8 6 │ [0;32m4[00m 7 [0;32m5[00m │ [0;32m1[00m 2 [0;32m3[00m │
│ 5 [0;32m2[00m [0;32m7[00m │ 3 [0;32m9[00m [0;32m1[00m │ 8 4 [0;32m6[00m │
│ [0;32m3[00m 4 [0;32m1[00m │ 2 [0;32m6[00m [0;32m8[00m │ 5 [0;32m7[00m 9 │
└───────┴───────┴───────┘
(test/data/too_few_clues_puzzle.txt:2, +22 clues [11+11, sat+sym])

Solved 1 of 1.
$ sudb --no-init --auto --difference --file test/data/too_few_clues_puzzle.txt --minimized --satisfactory --symmetrical
1 puzzle to solve.

End Board for Puzzle 1:
┌───────┬───────┬───────┐
│ 8 [0;32m9[00m 5 │ [0;32m6[00m [0;32m4[00m [0;32m3[00m │ [0;32m7[00m [0;32m1[00m [0;32m2[00m │
│ [0;32m2[00m 1 3 │ [0;32m7[00m [0;32m5[00m 9 │ [0;32m4[00m [0;32m6[00m 8 │
│ [0;32m7[00m 6 [0;32m4[00m │ [0;32m1[00m 8 [0;32m2[00m │ 3 9 [0;32m5[00m │
├───────┼───────┼───────┤
│ 1 5 [0;32m2[00m │ [0;32m9[00m [0;32m3[00m 7 │ [0;32m6[00m [0;32m8[00m [0;32m4[00m │
│ 4 [0;32m3[00m [0;32m9[00m │ [0;32m8[00m [0;32m1[00m [0;32m6[00m │ [0;32m2[00m [0;32m5[00m 7 │
│ [0;32m6[00m [0;32m7[00m [0;32m8[00m │ 5 [0;32m2[00m [0;32m4[00m │ [0;32m9[00m 3 1 │
├───────┼───────┼───────┤
│ [0;32m9[00m 8 6 │ [0;32m4[00m 7 [0;32m5[00m │ [0;32m1[00m 2 [0;32m3[00m │
│ 5 [0;32m2[00m [0;32m7[00m │ 3 [0;32m9[00m [0;32m1[00m │ 8 4 [0;32m6[00m │
│ [0;32m3[00m [0;32m4[00m [0;32m1[00m │ [0;32m2[00m [0;32m6[00m [0;32m8[00m │ 5 [0;32m7[00m 9 │
└───────┴───────┴───────┘
(test/data/too_few_clues_puzzle.txt:2, +12 clues [11+1, sat+minsym])

Solved 1 of 1.
$ sudb --no-init --auto --difference --random 1
1 puzzle to solve.

End Board for Puzzle 1:
┌───────┬───────┬───────┐
│ [0;32m2[00m 4 [0;32m7[00m │ [0;32m9[00m [0;32m5[00m [0;32m1[00m │ [0;32m3[00m [0;32m8[00m [0;32m6[00m │
│ [0;32m1[00m 3 [0;32m8[00m │ [0;32m2[00m [0;32m6[00m [0;32m4[00m │ [0;32m5[00m 9 [0;32m7[00m │
│ [0;32m5[00m [0;32m6[00m [0;32m9[00m │ 3 [0;32m8[00m [0;32m7[00m │ [0;32m2[00m [0;32m4[00m [0;32m1[00m │
├───────┼───────┼───────┤
│ 9 [0;32m2[00m [0;32m4[00m │ [0;32m1[00m 7 6 │ 8 5 [0;32m3[00m │
│ 3 [0;32m5[00m 6 │ 8 9 [0;32m2[00m │ [0;32m1[00m [0;32m7[00m 4 │
│ [0;32m8[00m 7 1 │ [0;32m5[00m [0;32m4[00m [0;32m3[00m │ [0;32m6[00m 2 9 │
├───────┼───────┼───────┤
│ [0;32m7[00m [0;32m1[00m [0;32m3[00m │ [0;32m4[00m 2 5 │ [0;32m9[00m [0;32m6[00m 8 │
│ 4 [0;32m8[00m [0;32m5[00m │ [0;32m6[00m [0;32m3[00m 9 │ 7 [0;32m1[00m [0;32m2[00m │
│ [0;32m6[00m [0;32m9[00m 2 │ [0;32m7[00m 1 [0;32m8[00m │ 4 [0;32m3[00m [0;32m5[00m │
└───────┴───────┴───────┘
(seed 1)

Solved 1 of 1.
$ sudb --no-init --auto --difference --random 1 --minimized
1 puzzle to solve.

End Board for Puzzle 1:
┌───────┬───────┬───────┐
│ [0;32m2[00m 4 [0;32m7[00m │ [0;32m9[00m [0;32m5[00m [0;32m1[00m │ [0;32m3[00m [0;32m8[00m [0;32m6[00m │
│ [0;32m1[00m 3 [0;32m8[00m │ [0;32m2[00m [0;32m6[00m [0;32m4[00m │ [0;32m5[00m 9 [0;32m7[00m │
│ [0;32m5[00m [0;32m6[00m [0;32m9[00m │ 3 [0;32m8[00m [0;32m7[00m │ [0;32m2[00m [0;32m4[00m [0;32m1[00m │
├───────┼───────┼───────┤
│ [0;32m9[00m [0;32m2[00m [0;32m4[00m │ [0;32m1[00m [0;32m7[00m 6 │ [0;32m8[00m 5 [0;32m3[00m │
│ 3 [0;32m5[00m 6 │ 8 [0;32m9[00m [0;32m2[00m │ [0;32m1[00m [0;32m7[00m 4 │
│ [0;32m8[00m [0;32m7[00m 1 │ [0;32m5[00m [0;32m4[00m [0;32m3[00m │ [0;32m6[00m 2 9 │
├───────┼───────┼───────┤
│ [0;32m7[00m [0;32m1[00m [0;32m3[00m │ [0;32m4[00m 2 5 │ [0;32m9[00m [0;32m6[00m 8 │
│ 4 [0;32m8[00m [0;32m5[00m │ [0;32m6[00m [0;32m3[00m 9 │ 7 [0;32m1[00m [0;32m2[00m │
│ [0;32m6[00m [0;32m9[00m 2 │ [0;32m7[00m 1 [0;32m8[00m │ 4 [0;32m3[00m [0;32m5[00m │
└───────┴───────┴───────┘
(seed 1, -5 clues [min])

Solved 1 of 1.
$ sudb --no-init --auto --difference --random 1 --minimized --satisfactory
1 puzzle to solve.

End Board for Puzzle 1:
┌───────┬───────┬───────┐
│ [0;32m2[00m 4 [0;32m7[00m │ [0;32m9[00m [0;32m5[00m [0;32m1[00m │ [0;32m3[00m [0;32m8[00m [0;32m6[00m │
│ 1 3 [0;32m8[00m │ [0;32m2[00m [0;32m6[00m [0;32m4[00m │ [0;32m5[00m 9 [0;32m7[00m │
│ [0;32m5[00m [0;32m6[00m [0;32m9[00m │ 3 [0;32m8[00m [0;32m7[00m │ [0;32m2[00m [0;32m4[00m [0;32m1[00m │
├───────┼───────┼───────┤
│ [0;32m9[00m [0;32m2[00m [0;32m4[00m │ [0;32m1[00m [0;32m7[00m 6 │ [0;32m8[00m 5 [0;32m3[00m │
│ 3 [0;32m5[00m 6 │ 8 [0;32m9[00m [0;32m2[00m │ [0;32m1[00m [0;32m7[00m 4 │
│ [0;32m8[00m [0;32m7[00m 1 │ [0;32m5[00m [0;32m4[00m [0;32m3[00m │ [0;32m6[00m 2 9 │
├───────┼───────┼───────┤
│ [0;32m7[00m [0;32m1[00m [0;32m3[00m │ [0;32m4[00m 2 5 │ [0;32m9[00m [0;32m6[00m 8 │
│ 4 [0;32m8[00m [0;32m5[00m │ [0;32m6[00m [0;32m3[00m 9 │ 7 [0;32m1[00m [0;32m2[00m │
│ [0;32m6[00m [0;32m9[00m 2 │ [0;32m7[00m 1 [0;32m8[00m │ 4 [0;32m3[00m [0;32m5[00m │
└───────┴───────┴───────┘
(seed 1, -4 clues [-5+1, min+sat])

Solved 1 of 1.
$ sudb --no-init --auto --difference --random 1 --symmetrical
1 puzzle to solve.

End Board for Puzzle 1:
┌───────┬───────┬───────┐
│ [0;32m2[00m 4 7 │ [0;32m9[00m 5 [0;32m1[00m │ 3 [0;32m8[00m [0;32m6[00m │
│ [0;32m1[00m 3 8 │ 2 [0;32m6[00m [0;32m4[00m │ [0;32m5[00m 9 7 │
│ 5 [0;32m6[00m [0;32m9[00m │ 3 8 [0;32m7[00m │ [0;32m2[00m [0;32m4[00m [0;32m1[00m │
├───────┼───────┼───────┤
│ 9 2 [0;32m4[00m │ [0;32m1[00m 7 6 │ 8 5 [0;32m3[00m │
│ 3 [0;32m5[00m 6 │ 8 9 2 │ 1 [0;32m7[00m 4 │
│ [0;32m8[00m 7 1 │ 5 4 [0;32m3[00m │ [0;32m6[00m 2 9 │
├───────┼───────┼───────┤
│ [0;32m7[00m [0;32m1[00m [0;32m3[00m │ [0;32m4[00m 2 5 │ [0;32m9[00m [0;32m6[00m 8 │
│ 4 8 [0;32m5[00m │ [0;32m6[00m [0;32m3[00m 9 │ 7 1 [0;32m2[00m │
│ [0;32m6[00m [0;32m9[00m 2 │ [0;32m7[00m 1 [0;32m8[00m │ 4 3 [0;32m5[00m │
└───────┴───────┴───────┘
(seed 1, +16 clues [sym])

Solved 1 of 1.
$ sudb --no-init --auto --difference --random 1 --minimized --symmetrical
1 puzzle to solve.

End Board for Puzzle 1:
┌───────┬───────┬───────┐
│ [0;32m2[00m 4 [0;32m7[00m │ [0;32m9[00m 5 [0;32m1[00m │ 3 [0;32m8[00m [0;32m6[00m │
│ [0;32m1[00m 3 8 │ 2 [0;32m6[00m [0;32m4[00m │ [0;32m5[00m 9 7 │
│ 5 [0;32m6[00m [0;32m9[00m │ 3 8 [0;32m7[00m │ [0;32m2[00m [0;32m4[00m [0;32m1[00m │
├───────┼───────┼───────┤
│ [0;32m9[00m 2 [0;32m4[00m │ [0;32m1[00m [0;32m7[00m 6 │ 8 [0;32m5[00m [0;32m3[00m │
│ 3 [0;32m5[00m [0;32m6[00m │ 8 9 2 │ [0;32m1[00m [0;32m7[00m 4 │
│ [0;32m8[00m [0;32m7[00m 1 │ 5 [0;32m4[00m [0;32m3[00m │ [0;32m6[00m 2 [0;32m9[00m │
├───────┼───────┼───────┤
│ [0;32m7[00m [0;32m1[00m [0;32m3[00m │ [0;32m4[00m 2 5 │ [0;32m9[00m [0;32m6[00m 8 │
│ 4 8 [0;32m5[00m │ [0;32m6[00m [0;32m3[00m 9 │ 7 1 [0;32m2[00m │
│ [0;32m6[00m [0;32m9[00m 2 │ [0;32m7[00m 1 [0;32m8[00m │ [0;32m4[00m 3 [0;32m5[00m │
└───────┴───────┴───────┘
(seed 1, +6 clues [minsym])

Solved 1 of 1.
$ sudb --no-init --auto --difference --random 1 --minimized --satisfactory --symmetrical
1 puzzle to solve.

End Board for Puzzle 1:
┌───────┬───────┬───────┐
│ [0;32m2[00m 4 [0;32m7[00m │ [0;32m9[00m 5 [0;32m1[00m │ 3 [0;32m8[00m [0;32m6[00m │
│ [0;32m1[00m 3 8 │ 2 [0;32m6[00m [0;32m4[00m │ [0;32m5[00m 9 7 │
│ 5 [0;32m6[00m [0;32m9[00m │ 3 8 [0;32m7[00m │ [0;32m2[00m [0;32m4[00m [0;32m1[00m │
├───────┼───────┼───────┤
│ [0;32m9[00m 2 [0;32m4[00m │ [0;32m1[00m [0;32m7[00m 6 │ 8 [0;32m5[00m [0;32m3[00m │
│ 3 [0;32m5[00m [0;32m6[00m │ 8 9 2 │ [0;32m1[00m [0;32m7[00m 4 │
│ [0;32m8[00m [0;32m7[00m 1 │ 5 [0;32m4[00m [0;32m3[00m │ [0;32m6[00m 2 [0;32m9[00m │
├───────┼───────┼───────┤
│ [0;32m7[00m [0;32m1[00m [0;32m3[00m │ [0;32m4[00m 2 5 │ [0;32m9[00m [0;32m6[00m 8 │
│ 4 8 [0;32m5[00m │ [0;32m6[00m [0;32m3[00m 9 │ 7 1 [0;32m2[00m │
│ [0;32m6[00m [0;32m9[00m 2 │ [0;32m7[00m 1 [0;32m8[00m │ [0;32m4[00m 3 [0;32m5[00m │
└───────┴───────┴───────┘
(seed 1, +6 clues [0+6, sat+minsym])

Solved 1 of 1.
